ðŸŒŸ This was machine generated.  Do not edit. ðŸŒŸ

Frame[0] {}
Name: 
Dimensions: 2 Fields by 5 Rows
+-------------------------------+---------------------------------------------------------------------------------------------------------------------------------------------------------------------------------------------------------------------+
| Name: time                    | Name: _col7                                                                                                                                                                                                         |
| Labels:                       | Labels: availability_zone=us-east-1-1, cell=us-east-1-cell-1, instance_name=i-AUa00Zt2-hercules-0009.amazonaws.com, instance_type=r5.4xlarge, measure_name=cpu_user, region=us-east-1, silo=us-east-1-cell-1-silo-1 |
| Type: []time.Time             | Type: []*float64                                                                                                                                                                                                    |
+-------------------------------+---------------------------------------------------------------------------------------------------------------------------------------------------------------------------------------------------------------------+
| 2021-03-25 21:22:27 +0000 UTC | 56.2893364050702                                                                                                                                                                                                    |
| 2021-03-25 21:27:49 +0000 UTC | 63.183694894960645                                                                                                                                                                                                  |
| 2021-03-25 21:33:13 +0000 UTC | 52.36533364021922                                                                                                                                                                                                   |
| 2021-03-25 21:38:40 +0000 UTC | 47.613189509483185                                                                                                                                                                                                  |
| 2021-03-25 21:44:15 +0000 UTC | 40.45102911174649                                                                                                                                                                                                   |
+-------------------------------+---------------------------------------------------------------------------------------------------------------------------------------------------------------------------------------------------------------------+



Frame[1] 
Name: 
Dimensions: 2 Fields by 5 Rows
+-------------------------------+---------------------------------------------------------------------------------------------------------------------------------------------------------------------------------------------------------------------+
| Name: time                    | Name: _col7                                                                                                                                                                                                         |
| Labels:                       | Labels: availability_zone=us-east-1-1, cell=us-east-1-cell-1, instance_name=i-AUa00Zt2-hercules-0000.amazonaws.com, instance_type=r5.4xlarge, measure_name=cpu_user, region=us-east-1, silo=us-east-1-cell-1-silo-1 |
| Type: []time.Time             | Type: []*float64                                                                                                                                                                                                    |
+-------------------------------+---------------------------------------------------------------------------------------------------------------------------------------------------------------------------------------------------------------------+
| 2021-03-25 21:22:27 +0000 UTC | 85.13650882499547                                                                                                                                                                                                   |
| 2021-03-25 21:27:49 +0000 UTC | 91.77627241534287                                                                                                                                                                                                   |
| 2021-03-25 21:33:13 +0000 UTC | 90.13813374691001                                                                                                                                                                                                   |
| 2021-03-25 21:38:40 +0000 UTC | 89.07997723965954                                                                                                                                                                                                   |
| 2021-03-25 21:44:15 +0000 UTC | 86.43325182311665                                                                                                                                                                                                   |
+-------------------------------+---------------------------------------------------------------------------------------------------------------------------------------------------------------------------------------------------------------------+



Frame[2] 
Name: 
Dimensions: 2 Fields by 5 Rows
+-------------------------------+-----------------------------------------------------------------------------------------------------------------------------------------------------------------------------------------------------------------------+
| Name: time                    | Name: _col7                                                                                                                                                                                                           |
| Labels:                       | Labels: availability_zone=us-east-1-1, cell=us-east-1-cell-1, instance_name=i-AUa00Zt2-hercules-0006.amazonaws.com, instance_type=r5.4xlarge, measure_name=cpu_system, region=us-east-1, silo=us-east-1-cell-1-silo-1 |
| Type: []time.Time             | Type: []*float64                                                                                                                                                                                                      |
+-------------------------------+-----------------------------------------------------------------------------------------------------------------------------------------------------------------------------------------------------------------------+
| 2021-03-25 21:22:27 +0000 UTC | 0.3734172776879804                                                                                                                                                                                                    |
| 2021-03-25 21:27:49 +0000 UTC | 0.07532549683120315                                                                                                                                                                                                   |
| 2021-03-25 21:33:13 +0000 UTC | 0.4999248370864192                                                                                                                                                                                                    |
| 2021-03-25 21:38:40 +0000 UTC | 0.5880793073267413                                                                                                                                                                                                    |
| 2021-03-25 21:44:15 +0000 UTC | 0.19120056990088308                                                                                                                                                                                                   |
+-------------------------------+-----------------------------------------------------------------------------------------------------------------------------------------------------------------------------------------------------------------------+



Frame[3] 
Name: 
Dimensions: 2 Fields by 5 Rows
+-------------------------------+-----------------------------------------------------------------------------------------------------------------------------------------------------------------------------------------------------------------------+
| Name: time                    | Name: _col7                                                                                                                                                                                                           |
| Labels:                       | Labels: availability_zone=us-east-1-1, cell=us-east-1-cell-1, instance_name=i-AUa00Zt2-hercules-0003.amazonaws.com, instance_type=r5.4xlarge, measure_name=cpu_system, region=us-east-1, silo=us-east-1-cell-1-silo-1 |
| Type: []time.Time             | Type: []*float64                                                                                                                                                                                                      |
+-------------------------------+-----------------------------------------------------------------------------------------------------------------------------------------------------------------------------------------------------------------------+
| 2021-03-25 21:22:27 +0000 UTC | 0.20026716171811654                                                                                                                                                                                                   |
| 2021-03-25 21:27:49 +0000 UTC | 0.20859457885216204                                                                                                                                                                                                   |
| 2021-03-25 21:33:13 +0000 UTC | 0.07917012215720787                                                                                                                                                                                                   |
| 2021-03-25 21:38:40 +0000 UTC | 0.22489283206519095                                                                                                                                                                                                   |
| 2021-03-25 21:44:15 +0000 UTC | 0.9471092111813719                                                                                                                                                                                                    |
+-------------------------------+-----------------------------------------------------------------------------------------------------------------------------------------------------------------------------------------------------------------------+



Frame[4] 
Name: 
Dimensions: 2 Fields by 5 Rows
+-------------------------------+---------------------------------------------------------------------------------------------------------------------------------------------------------------------------------------------------------------------+
| Name: time                    | Name: _col7                                                                                                                                                                                                         |
| Labels:                       | Labels: availability_zone=us-east-1-1, cell=us-east-1-cell-1, instance_name=i-AUa00Zt2-hercules-0006.amazonaws.com, instance_type=r5.4xlarge, measure_name=cpu_user, region=us-east-1, silo=us-east-1-cell-1-silo-1 |
| Type: []time.Time             | Type: []*float64                                                                                                                                                                                                    |
+-------------------------------+---------------------------------------------------------------------------------------------------------------------------------------------------------------------------------------------------------------------+
| 2021-03-25 21:22:27 +0000 UTC | 54.24677280091852                                                                                                                                                                                                   |
| 2021-03-25 21:27:49 +0000 UTC | 57.13926036306111                                                                                                                                                                                                   |
| 2021-03-25 21:33:13 +0000 UTC | 57.251340232825626                                                                                                                                                                                                  |
| 2021-03-25 21:38:40 +0000 UTC | 52.192354758229904                                                                                                                                                                                                  |
| 2021-03-25 21:44:15 +0000 UTC | 51.757242516144025                                                                                                                                                                                                  |
+-------------------------------+---------------------------------------------------------------------------------------------------------------------------------------------------------------------------------------------------------------------+



Frame[5] 
Name: 
Dimensions: 2 Fields by 5 Rows
+-------------------------------+-----------------------------------------------------------------------------------------------------------------------------------------------------------------------------------------------------------------------+
| Name: time                    | Name: _col7                                                                                                                                                                                                           |
| Labels:                       | Labels: availability_zone=us-east-1-1, cell=us-east-1-cell-1, instance_name=i-AUa00Zt2-hercules-0009.amazonaws.com, instance_type=r5.4xlarge, measure_name=cpu_system, region=us-east-1, silo=us-east-1-cell-1-silo-1 |
| Type: []time.Time             | Type: []*float64                                                                                                                                                                                                      |
+-------------------------------+-----------------------------------------------------------------------------------------------------------------------------------------------------------------------------------------------------------------------+
| 2021-03-25 21:22:27 +0000 UTC | 0.7801058311170326                                                                                                                                                                                                    |
| 2021-03-25 21:27:49 +0000 UTC | 0.23296978348573716                                                                                                                                                                                                   |
| 2021-03-25 21:33:13 +0000 UTC | 0.8196484261653607                                                                                                                                                                                                    |
| 2021-03-25 21:38:40 +0000 UTC | 0.40884276038526124                                                                                                                                                                                                   |
| 2021-03-25 21:44:15 +0000 UTC | 0.8608875483864682                                                                                                                                                                                                    |
+-------------------------------+-----------------------------------------------------------------------------------------------------------------------------------------------------------------------------------------------------------------------+



Frame[6] 
Name: 
Dimensions: 2 Fields by 5 Rows
+-------------------------------+-----------------------------------------------------------------------------------------------------------------------------------------------------------------------------------------------------------------------+
| Name: time                    | Name: _col7                                                                                                                                                                                                           |
| Labels:                       | Labels: availability_zone=us-east-1-1, cell=us-east-1-cell-1, instance_name=i-AUa00Zt2-hercules-0000.amazonaws.com, instance_type=r5.4xlarge, measure_name=cpu_system, region=us-east-1, silo=us-east-1-cell-1-silo-1 |
| Type: []time.Time             | Type: []*float64                                                                                                                                                                                                      |
+-------------------------------+-----------------------------------------------------------------------------------------------------------------------------------------------------------------------------------------------------------------------+
| 2021-03-25 21:22:27 +0000 UTC | 0.3483770078910995                                                                                                                                                                                                    |
| 2021-03-25 21:27:49 +0000 UTC | 0.8477213565626346                                                                                                                                                                                                    |
| 2021-03-25 21:33:13 +0000 UTC | 0.6249291636670291                                                                                                                                                                                                    |
| 2021-03-25 21:38:40 +0000 UTC | 0.9014619236036255                                                                                                                                                                                                    |
| 2021-03-25 21:44:15 +0000 UTC | 0.2339966361817185                                                                                                                                                                                                    |
+-------------------------------+-----------------------------------------------------------------------------------------------------------------------------------------------------------------------------------------------------------------------+



Frame[7] 
Name: 
Dimensions: 2 Fields by 5 Rows
+-------------------------------+---------------------------------------------------------------------------------------------------------------------------------------------------------------------------------------------------------------------+
| Name: time                    | Name: _col7                                                                                                                                                                                                         |
| Labels:                       | Labels: availability_zone=us-east-1-1, cell=us-east-1-cell-1, instance_name=i-AUa00Zt2-hercules-0003.amazonaws.com, instance_type=r5.4xlarge, measure_name=cpu_user, region=us-east-1, silo=us-east-1-cell-1-silo-1 |
| Type: []time.Time             | Type: []*float64                                                                                                                                                                                                    |
+-------------------------------+---------------------------------------------------------------------------------------------------------------------------------------------------------------------------------------------------------------------+
| 2021-03-25 21:22:27 +0000 UTC | 89.99380585857419                                                                                                                                                                                                   |
| 2021-03-25 21:27:49 +0000 UTC | 92.37034088095453                                                                                                                                                                                                   |
| 2021-03-25 21:33:13 +0000 UTC | 87.28301980879576                                                                                                                                                                                                   |
| 2021-03-25 21:38:40 +0000 UTC | 89.92419055909633                                                                                                                                                                                                   |
| 2021-03-25 21:44:15 +0000 UTC | 92.60199692845951                                                                                                                                                                                                   |
+-------------------------------+---------------------------------------------------------------------------------------------------------------------------------------------------------------------------------------------------------------------+


====== TEST DATA RESPONSE (arrow base64) ======
FRAME=QVJST1cxAAD/////oAIAABAAAAAAAAoADgAMAAsABAAKAAAAFAAAAAAAAAEDAAoADAAAAAgABAAKAAAACAAAAHQAAAADAAAATAAAACgAAAAEAAAA8P3//wgAAAAMAAAAAAAAAAAAAAAFAAAAcmVmSWQAAAAQ/v//CAAAAAwAAAAAAAAAAAAAAAQAAABuYW1lAAAAADD+//8IAAAADAAAAAIAAAB7fQAABAAAAG1ldGEAAAAAAgAAAIwBAAAYAAAAAAASABgAFAATABIADAAAAAgABAASAAAAFAAAAEABAABAAQAAAAADAUABAAACAAAALAAAAAQAAACU/v//CAAAABAAAAAFAAAAX2NvbDcAAAAEAAAAbmFtZQAAAAC4/v//CAAAAOwAAADjAAAAeyJhdmFpbGFiaWxpdHlfem9uZSI6InVzLWVhc3QtMS0xIiwiY2VsbCI6InVzLWVhc3QtMS1jZWxsLTEiLCJpbnN0YW5jZV9uYW1lIjoiaS1BVWEwMFp0Mi1oZXJjdWxlcy0wMDA5LmFtYXpvbmF3cy5jb20iLCJpbnN0YW5jZV90eXBlIjoicjUuNHhsYXJnZSIsIm1lYXN1cmVfbmFtZSI6ImNwdV91c2VyIiwicmVnaW9uIjoidXMtZWFzdC0xIiwic2lsbyI6InVzLWVhc3QtMS1jZWxsLTEtc2lsby0xIn0ABgAAAGxhYmVscwAAAAAAAIr///8AAAIABQAAAF9jb2w3ABIAGAAUAAAAEwAMAAAACAAEABIAAAAUAAAARAAAAEwAAAAAAAAKTAAAAAEAAAAMAAAACAAMAAgABAAIAAAACAAAABAAAAAEAAAAdGltZQAAAAAEAAAAbmFtZQAAAAAAAAAAAAAGAAgABgAGAAAAAAADAAQAAAB0aW1lAAAAAP////+4AAAAFAAAAAAAAAAMABYAFAATAAwABAAMAAAAUAAAAAAAAAAUAAAAAAAAAwMACgAYAAwACAAEAAoAAAAUAAAAWAAAAAUAAAAAAAAAAAAAAAQAAAAAAAAAAAAAAAAAAAAAAAAAAAAAAAAAAAAoAAAAAAAAACgAAAAAAAAAAAAAAAAAAAAoAAAAAAAAACgAAAAAAAAAAAAAAAIAAAAFAAAAAAAAAAAAAAAAAAAABQAAAAAAAAAAAAAAAAAAAAD+sjPEsm8WABJlLA+zbxYAukycWrNvFgDABL+ms28WABaTvvSzbxbMqK75CCVMQCkmd1CDl09AYm+yQMMuSkCDvWz+fM5HQGA/alK7OURAEAAAAAwAFAASAAwACAAEAAwAAAAQAAAALAAAADwAAAAAAAMAAQAAALACAAAAAAAAwAAAAAAAAABQAAAAAAAAAAAAAAAAAAAAAAAAAAAACgAMAAAACAAEAAoAAAAIAAAAdAAAAAMAAABMAAAAKAAAAAQAAADw/f//CAAAAAwAAAAAAAAAAAAAAAUAAAByZWZJZAAAABD+//8IAAAADAAAAAAAAAAAAAAABAAAAG5hbWUAAAAAMP7//wgAAAAMAAAAAgAAAHt9AAAEAAAAbWV0YQAAAAACAAAAjAEAABgAAAAAABIAGAAUABMAEgAMAAAACAAEABIAAAAUAAAAQAEAAEABAAAAAAMBQAEAAAIAAAAsAAAABAAAAJT+//8IAAAAEAAAAAUAAABfY29sNwAAAAQAAABuYW1lAAAAALj+//8IAAAA7AAAAOMAAAB7ImF2YWlsYWJpbGl0eV96b25lIjoidXMtZWFzdC0xLTEiLCJjZWxsIjoidXMtZWFzdC0xLWNlbGwtMSIsImluc3RhbmNlX25hbWUiOiJpLUFVYTAwWnQyLWhlcmN1bGVzLTAwMDkuYW1hem9uYXdzLmNvbSIsImluc3RhbmNlX3R5cGUiOiJyNS40eGxhcmdlIiwibWVhc3VyZV9uYW1lIjoiY3B1X3VzZXIiLCJyZWdpb24iOiJ1cy1lYXN0LTEiLCJzaWxvIjoidXMtZWFzdC0xLWNlbGwtMS1zaWxvLTEifQAGAAAAbGFiZWxzAAAAAAAAiv///wAAAgAFAAAAX2NvbDcAEgAYABQAAAATAAwAAAAIAAQAEgAAABQAAABEAAAATAAAAAAAAApMAAAAAQAAAAwAAAAIAAwACAAEAAgAAAAIAAAAEAAAAAQAAAB0aW1lAAAAAAQAAABuYW1lAAAAAAAAAAAAAAYACAAGAAYAAAAAAAMABAAAAHRpbWUAAAAA0AIAAEFSUk9XMQ==
FRAME=QVJST1cxAAD/////gAIAABAAAAAAAAoADgAMAAsABAAKAAAAFAAAAAAAAAEDAAoADAAAAAgABAAKAAAACAAAAFAAAAACAAAAKAAAAAQAAAAQ/v//CAAAAAwAAAAAAAAAAAAAAAUAAAByZWZJZAAAADD+//8IAAAADAAAAAAAAAAAAAAABAAAAG5hbWUAAAAAAgAAAIwBAAAYAAAAAAASABgAFAATABIADAAAAAgABAASAAAAFAAAAEABAABAAQAAAAADAUABAAACAAAALAAAAAQAAACU/v//CAAAABAAAAAFAAAAX2NvbDcAAAAEAAAAbmFtZQAAAAC4/v//CAAAAOwAAADjAAAAeyJhdmFpbGFiaWxpdHlfem9uZSI6InVzLWVhc3QtMS0xIiwiY2VsbCI6InVzLWVhc3QtMS1jZWxsLTEiLCJpbnN0YW5jZV9uYW1lIjoiaS1BVWEwMFp0Mi1oZXJjdWxlcy0wMDAwLmFtYXpvbmF3cy5jb20iLCJpbnN0YW5jZV90eXBlIjoicjUuNHhsYXJnZSIsIm1lYXN1cmVfbmFtZSI6ImNwdV91c2VyIiwicmVnaW9uIjoidXMtZWFzdC0xIiwic2lsbyI6InVzLWVhc3QtMS1jZWxsLTEtc2lsby0xIn0ABgAAAGxhYmVscwAAAAAAAIr///8AAAIABQAAAF9jb2w3ABIAGAAUAAAAEwAMAAAACAAEABIAAAAUAAAARAAAAEwAAAAAAAAKTAAAAAEAAAAMAAAACAAMAAgABAAIAAAACAAAABAAAAAEAAAAdGltZQAAAAAEAAAAbmFtZQAAAAAAAAAAAAAGAAgABgAGAAAAAAADAAQAAAB0aW1lAAAAAAAAAAD/////uAAAABQAAAAAAAAADAAWABQAEwAMAAQADAAAAFAAAAAAAAAAFAAAAAAAAAMDAAoAGAAMAAgABAAKAAAAFAAAAFgAAAAFAAAAAAAAAAAAAAAEAAAAAAAAAAAAAAAAAAAAAAAAAAAAAAAAAAAAKAAAAAAAAAAoAAAAAAAAAAAAAAAAAAAAKAAAAAAAAAAoAAAAAAAAAAAAAAACAAAABQAAAAAAAAAAAAAAAAAAAAUAAAAAAAAAAAAAAAAAAAAA/rIzxLJvFgASZSwPs28WALpMnFqzbxYAwAS/prNvFgAWk770s28WJL6Cj7xIVUDQK39yrvFWQPVc7S7XiFZAxjDbWB5FVkD6zdpluptVQBAAAAAMABQAEgAMAAgABAAMAAAAEAAAACwAAAA4AAAAAAADAAEAAACQAgAAAAAAAMAAAAAAAAAAUAAAAAAAAAAAAAAAAAAAAAAACgAMAAAACAAEAAoAAAAIAAAAUAAAAAIAAAAoAAAABAAAABD+//8IAAAADAAAAAAAAAAAAAAABQAAAHJlZklkAAAAMP7//wgAAAAMAAAAAAAAAAAAAAAEAAAAbmFtZQAAAAACAAAAjAEAABgAAAAAABIAGAAUABMAEgAMAAAACAAEABIAAAAUAAAAQAEAAEABAAAAAAMBQAEAAAIAAAAsAAAABAAAAJT+//8IAAAAEAAAAAUAAABfY29sNwAAAAQAAABuYW1lAAAAALj+//8IAAAA7AAAAOMAAAB7ImF2YWlsYWJpbGl0eV96b25lIjoidXMtZWFzdC0xLTEiLCJjZWxsIjoidXMtZWFzdC0xLWNlbGwtMSIsImluc3RhbmNlX25hbWUiOiJpLUFVYTAwWnQyLWhlcmN1bGVzLTAwMDAuYW1hem9uYXdzLmNvbSIsImluc3RhbmNlX3R5cGUiOiJyNS40eGxhcmdlIiwibWVhc3VyZV9uYW1lIjoiY3B1X3VzZXIiLCJyZWdpb24iOiJ1cy1lYXN0LTEiLCJzaWxvIjoidXMtZWFzdC0xLWNlbGwtMS1zaWxvLTEifQAGAAAAbGFiZWxzAAAAAAAAiv///wAAAgAFAAAAX2NvbDcAEgAYABQAAAATAAwAAAAIAAQAEgAAABQAAABEAAAATAAAAAAAAApMAAAAAQAAAAwAAAAIAAwACAAEAAgAAAAIAAAAEAAAAAQAAAB0aW1lAAAAAAQAAABuYW1lAAAAAAAAAAAAAAYACAAGAAYAAAAAAAMABAAAAHRpbWUAAAAAqAIAAEFSUk9XMQ==
FRAME=QVJST1cxAAD/////gAIAABAAAAAAAAoADgAMAAsABAAKAAAAFAAAAAAAAAEDAAoADAAAAAgABAAKAAAACAAAAFAAAAACAAAAKAAAAAQAAAAM/v//CAAAAAwAAAAAAAAAAAAAAAUAAAByZWZJZAAAACz+//8IAAAADAAAAAAAAAAAAAAABAAAAG5hbWUAAAAAAgAAAJABAAAYAAAAAAASABgAFAATABIADAAAAAgABAASAAAAFAAAAEQBAABEAQAAAAADAUQBAAACAAAALAAAAAQAAACQ/v//CAAAABAAAAAFAAAAX2NvbDcAAAAEAAAAbmFtZQAAAAC0/v//CAAAAPAAAADlAAAAeyJhdmFpbGFiaWxpdHlfem9uZSI6InVzLWVhc3QtMS0xIiwiY2VsbCI6InVzLWVhc3QtMS1jZWxsLTEiLCJpbnN0YW5jZV9uYW1lIjoiaS1BVWEwMFp0Mi1oZXJjdWxlcy0wMDA2LmFtYXpvbmF3cy5jb20iLCJpbnN0YW5jZV90eXBlIjoicjUuNHhsYXJnZSIsIm1lYXN1cmVfbmFtZSI6ImNwdV9zeXN0ZW0iLCJyZWdpb24iOiJ1cy1lYXN0LTEiLCJzaWxvIjoidXMtZWFzdC0xLWNlbGwtMS1zaWxvLTEifQAAAAYAAABsYWJlbHMAAAAAAACK////AAACAAUAAABfY29sNwASABgAFAAAABMADAAAAAgABAASAAAAFAAAAEQAAABMAAAAAAAACkwAAAABAAAADAAAAAgADAAIAAQACAAAAAgAAAAQAAAABAAAAHRpbWUAAAAABAAAAG5hbWUAAAAAAAAAAAAABgAIAAYABgAAAAAAAwAEAAAAdGltZQAAAAD/////uAAAABQAAAAAAAAADAAWABQAEwAMAAQADAAAAFAAAAAAAAAAFAAAAAAAAAMDAAoAGAAMAAgABAAKAAAAFAAAAFgAAAAFAAAAAAAAAAAAAAAEAAAAAAAAAAAAAAAAAAAAAAAAAAAAAAAAAAAAKAAAAAAAAAAoAAAAAAAAAAAAAAAAAAAAKAAAAAAAAAAoAAAAAAAAAAAAAAACAAAABQAAAAAAAAAAAAAAAAAAAAUAAAAAAAAAAAAAAAAAAAAA/rIzxLJvFgASZSwPs28WALpMnFqzbxYAwAS/prNvFgAWk770s28WNpnblBHm1z+A6XEhiEizP5aib77E/t8/p4YNsovR4j+ctVmhQnnIPxAAAAAMABQAEgAMAAgABAAMAAAAEAAAACwAAAA8AAAAAAADAAEAAACQAgAAAAAAAMAAAAAAAAAAUAAAAAAAAAAAAAAAAAAAAAAAAAAAAAoADAAAAAgABAAKAAAACAAAAFAAAAACAAAAKAAAAAQAAAAM/v//CAAAAAwAAAAAAAAAAAAAAAUAAAByZWZJZAAAACz+//8IAAAADAAAAAAAAAAAAAAABAAAAG5hbWUAAAAAAgAAAJABAAAYAAAAAAASABgAFAATABIADAAAAAgABAASAAAAFAAAAEQBAABEAQAAAAADAUQBAAACAAAALAAAAAQAAACQ/v//CAAAABAAAAAFAAAAX2NvbDcAAAAEAAAAbmFtZQAAAAC0/v//CAAAAPAAAADlAAAAeyJhdmFpbGFiaWxpdHlfem9uZSI6InVzLWVhc3QtMS0xIiwiY2VsbCI6InVzLWVhc3QtMS1jZWxsLTEiLCJpbnN0YW5jZV9uYW1lIjoiaS1BVWEwMFp0Mi1oZXJjdWxlcy0wMDA2LmFtYXpvbmF3cy5jb20iLCJpbnN0YW5jZV90eXBlIjoicjUuNHhsYXJnZSIsIm1lYXN1cmVfbmFtZSI6ImNwdV9zeXN0ZW0iLCJyZWdpb24iOiJ1cy1lYXN0LTEiLCJzaWxvIjoidXMtZWFzdC0xLWNlbGwtMS1zaWxvLTEifQAAAAYAAABsYWJlbHMAAAAAAACK////AAACAAUAAABfY29sNwASABgAFAAAABMADAAAAAgABAASAAAAFAAAAEQAAABMAAAAAAAACkwAAAABAAAADAAAAAgADAAIAAQACAAAAAgAAAAQAAAABAAAAHRpbWUAAAAABAAAAG5hbWUAAAAAAAAAAAAABgAIAAYABgAAAAAAAwAEAAAAdGltZQAAAACwAgAAQVJST1cx
FRAME=QVJST1cxAAD/////gAIAABAAAAAAAAoADgAMAAsABAAKAAAAFAAAAAAAAAEDAAoADAAAAAgABAAKAAAACAAAAFAAAAACAAAAKAAAAAQAAAAM/v//CAAAAAwAAAAAAAAAAAAAAAUAAAByZWZJZAAAACz+//8IAAAADAAAAAAAAAAAAAAABAAAAG5hbWUAAAAAAgAAAJABAAAYAAAAAAASABgAFAATABIADAAAAAgABAASAAAAFAAAAEQBAABEAQAAAAADAUQBAAACAAAALAAAAAQAAACQ/v//CAAAABAAAAAFAAAAX2NvbDcAAAAEAAAAbmFtZQAAAAC0/v//CAAAAPAAAADlAAAAeyJhdmFpbGFiaWxpdHlfem9uZSI6InVzLWVhc3QtMS0xIiwiY2VsbCI6InVzLWVhc3QtMS1jZWxsLTEiLCJpbnN0YW5jZV9uYW1lIjoiaS1BVWEwMFp0Mi1oZXJjdWxlcy0wMDAzLmFtYXpvbmF3cy5jb20iLCJpbnN0YW5jZV90eXBlIjoicjUuNHhsYXJnZSIsIm1lYXN1cmVfbmFtZSI6ImNwdV9zeXN0ZW0iLCJyZWdpb24iOiJ1cy1lYXN0LTEiLCJzaWxvIjoidXMtZWFzdC0xLWNlbGwtMS1zaWxvLTEifQAAAAYAAABsYWJlbHMAAAAAAACK////AAACAAUAAABfY29sNwASABgAFAAAABMADAAAAAgABAASAAAAFAAAAEQAAABMAAAAAAAACkwAAAABAAAADAAAAAgADAAIAAQACAAAAAgAAAAQAAAABAAAAHRpbWUAAAAABAAAAG5hbWUAAAAAAAAAAAAABgAIAAYABgAAAAAAAwAEAAAAdGltZQAAAAD/////uAAAABQAAAAAAAAADAAWABQAEwAMAAQADAAAAFAAAAAAAAAAFAAAAAAAAAMDAAoAGAAMAAgABAAKAAAAFAAAAFgAAAAFAAAAAAAAAAAAAAAEAAAAAAAAAAAAAAAAAAAAAAAAAAAAAAAAAAAAKAAAAAAAAAAoAAAAAAAAAAAAAAAAAAAAKAAAAAAAAAAoAAAAAAAAAAAAAAACAAAABQAAAAAAAAAAAAAAAAAAAAUAAAAAAAAAAAAAAAAAAAAA/rIzxLJvFgASZSwPs28WALpMnFqzbxYAwAS/prNvFgAWk770s28WBGIFt1qiyT+0fiUnOrPKP+BLfD1+RLQ/jJNpz0nJzD+Odfj5t07uPxAAAAAMABQAEgAMAAgABAAMAAAAEAAAACwAAAA8AAAAAAADAAEAAACQAgAAAAAAAMAAAAAAAAAAUAAAAAAAAAAAAAAAAAAAAAAAAAAAAAoADAAAAAgABAAKAAAACAAAAFAAAAACAAAAKAAAAAQAAAAM/v//CAAAAAwAAAAAAAAAAAAAAAUAAAByZWZJZAAAACz+//8IAAAADAAAAAAAAAAAAAAABAAAAG5hbWUAAAAAAgAAAJABAAAYAAAAAAASABgAFAATABIADAAAAAgABAASAAAAFAAAAEQBAABEAQAAAAADAUQBAAACAAAALAAAAAQAAACQ/v//CAAAABAAAAAFAAAAX2NvbDcAAAAEAAAAbmFtZQAAAAC0/v//CAAAAPAAAADlAAAAeyJhdmFpbGFiaWxpdHlfem9uZSI6InVzLWVhc3QtMS0xIiwiY2VsbCI6InVzLWVhc3QtMS1jZWxsLTEiLCJpbnN0YW5jZV9uYW1lIjoiaS1BVWEwMFp0Mi1oZXJjdWxlcy0wMDAzLmFtYXpvbmF3cy5jb20iLCJpbnN0YW5jZV90eXBlIjoicjUuNHhsYXJnZSIsIm1lYXN1cmVfbmFtZSI6ImNwdV9zeXN0ZW0iLCJyZWdpb24iOiJ1cy1lYXN0LTEiLCJzaWxvIjoidXMtZWFzdC0xLWNlbGwtMS1zaWxvLTEifQAAAAYAAABsYWJlbHMAAAAAAACK////AAACAAUAAABfY29sNwASABgAFAAAABMADAAAAAgABAASAAAAFAAAAEQAAABMAAAAAAAACkwAAAABAAAADAAAAAgADAAIAAQACAAAAAgAAAAQAAAABAAAAHRpbWUAAAAABAAAAG5hbWUAAAAAAAAAAAAABgAIAAYABgAAAAAAAwAEAAAAdGltZQAAAACwAgAAQVJST1cx
FRAME=QVJST1cxAAD/////gAIAABAAAAAAAAoADgAMAAsABAAKAAAAFAAAAAAAAAEDAAoADAAAAAgABAAKAAAACAAAAFAAAAACAAAAKAAAAAQAAAAQ/v//CAAAAAwAAAAAAAAAAAAAAAUAAAByZWZJZAAAADD+//8IAAAADAAAAAAAAAAAAAAABAAAAG5hbWUAAAAAAgAAAIwBAAAYAAAAAAASABgAFAATABIADAAAAAgABAASAAAAFAAAAEABAABAAQAAAAADAUABAAACAAAALAAAAAQAAACU/v//CAAAABAAAAAFAAAAX2NvbDcAAAAEAAAAbmFtZQAAAAC4/v//CAAAAOwAAADjAAAAeyJhdmFpbGFiaWxpdHlfem9uZSI6InVzLWVhc3QtMS0xIiwiY2VsbCI6InVzLWVhc3QtMS1jZWxsLTEiLCJpbnN0YW5jZV9uYW1lIjoiaS1BVWEwMFp0Mi1oZXJjdWxlcy0wMDA2LmFtYXpvbmF3cy5jb20iLCJpbnN0YW5jZV90eXBlIjoicjUuNHhsYXJnZSIsIm1lYXN1cmVfbmFtZSI6ImNwdV91c2VyIiwicmVnaW9uIjoidXMtZWFzdC0xIiwic2lsbyI6InVzLWVhc3QtMS1jZWxsLTEtc2lsby0xIn0ABgAAAGxhYmVscwAAAAAAAIr///8AAAIABQAAAF9jb2w3ABIAGAAUAAAAEwAMAAAACAAEABIAAAAUAAAARAAAAEwAAAAAAAAKTAAAAAEAAAAMAAAACAAMAAgABAAIAAAACAAAABAAAAAEAAAAdGltZQAAAAAEAAAAbmFtZQAAAAAAAAAAAAAGAAgABgAGAAAAAAADAAQAAAB0aW1lAAAAAAAAAAD/////uAAAABQAAAAAAAAADAAWABQAEwAMAAQADAAAAFAAAAAAAAAAFAAAAAAAAAMDAAoAGAAMAAgABAAKAAAAFAAAAFgAAAAFAAAAAAAAAAAAAAAEAAAAAAAAAAAAAAAAAAAAAAAAAAAAAAAAAAAAKAAAAAAAAAAoAAAAAAAAAAAAAAAAAAAAKAAAAAAAAAAoAAAAAAAAAAAAAAACAAAABQAAAAAAAAAAAAAAAAAAAAUAAAAAAAAAAAAAAAAAAAAA/rIzxLJvFgASZSwPs28WALpMnFqzbxYAwAS/prNvFgAWk770s28WYr5KQJYfS0AAfZhI05FMQNoTsOoroExA6empFJ8YSkBb/aBS7eBJQBAAAAAMABQAEgAMAAgABAAMAAAAEAAAACwAAAA4AAAAAAADAAEAAACQAgAAAAAAAMAAAAAAAAAAUAAAAAAAAAAAAAAAAAAAAAAACgAMAAAACAAEAAoAAAAIAAAAUAAAAAIAAAAoAAAABAAAABD+//8IAAAADAAAAAAAAAAAAAAABQAAAHJlZklkAAAAMP7//wgAAAAMAAAAAAAAAAAAAAAEAAAAbmFtZQAAAAACAAAAjAEAABgAAAAAABIAGAAUABMAEgAMAAAACAAEABIAAAAUAAAAQAEAAEABAAAAAAMBQAEAAAIAAAAsAAAABAAAAJT+//8IAAAAEAAAAAUAAABfY29sNwAAAAQAAABuYW1lAAAAALj+//8IAAAA7AAAAOMAAAB7ImF2YWlsYWJpbGl0eV96b25lIjoidXMtZWFzdC0xLTEiLCJjZWxsIjoidXMtZWFzdC0xLWNlbGwtMSIsImluc3RhbmNlX25hbWUiOiJpLUFVYTAwWnQyLWhlcmN1bGVzLTAwMDYuYW1hem9uYXdzLmNvbSIsImluc3RhbmNlX3R5cGUiOiJyNS40eGxhcmdlIiwibWVhc3VyZV9uYW1lIjoiY3B1X3VzZXIiLCJyZWdpb24iOiJ1cy1lYXN0LTEiLCJzaWxvIjoidXMtZWFzdC0xLWNlbGwtMS1zaWxvLTEifQAGAAAAbGFiZWxzAAAAAAAAiv///wAAAgAFAAAAX2NvbDcAEgAYABQAAAATAAwAAAAIAAQAEgAAABQAAABEAAAATAAAAAAAAApMAAAAAQAAAAwAAAAIAAwACAAEAAgAAAAIAAAAEAAAAAQAAAB0aW1lAAAAAAQAAABuYW1lAAAAAAAAAAAAAAYACAAGAAYAAAAAAAMABAAAAHRpbWUAAAAAqAIAAEFSUk9XMQ==
FRAME=QVJST1cxAAD/////gAIAABAAAAAAAAoADgAMAAsABAAKAAAAFAAAAAAAAAEDAAoADAAAAAgABAAKAAAACAAAAFAAAAACAAAAKAAAAAQAAAAM/v//CAAAAAwAAAAAAAAAAAAAAAUAAAByZWZJZAAAACz+//8IAAAADAAAAAAAAAAAAAAABAAAAG5hbWUAAAAAAgAAAJABAAAYAAAAAAASABgAFAATABIADAAAAAgABAASAAAAFAAAAEQBAABEAQAAAAADAUQBAAACAAAALAAAAAQAAACQ/v//CAAAABAAAAAFAAAAX2NvbDcAAAAEAAAAbmFtZQAAAAC0/v//CAAAAPAAAADlAAAAeyJhdmFpbGFiaWxpdHlfem9uZSI6InVzLWVhc3QtMS0xIiwiY2VsbCI6InVzLWVhc3QtMS1jZWxsLTEiLCJpbnN0YW5jZV9uYW1lIjoiaS1BVWEwMFp0Mi1oZXJjdWxlcy0wMDA5LmFtYXpvbmF3cy5jb20iLCJpbnN0YW5jZV90eXBlIjoicjUuNHhsYXJnZSIsIm1lYXN1cmVfbmFtZSI6ImNwdV9zeXN0ZW0iLCJyZWdpb24iOiJ1cy1lYXN0LTEiLCJzaWxvIjoidXMtZWFzdC0xLWNlbGwtMS1zaWxvLTEifQAAAAYAAABsYWJlbHMAAAAAAACK////AAACAAUAAABfY29sNwASABgAFAAAABMADAAAAAgABAASAAAAFAAAAEQAAABMAAAAAAAACkwAAAABAAAADAAAAAgADAAIAAQACAAAAAgAAAAQAAAABAAAAHRpbWUAAAAABAAAAG5hbWUAAAAAAAAAAAAABgAIAAYABgAAAAAAAwAEAAAAdGltZQAAAAD/////uAAAABQAAAAAAAAADAAWABQAEwAMAAQADAAAAFAAAAAAAAAAFAAAAAAAAAMDAAoAGAAMAAgABAAKAAAAFAAAAFgAAAAFAAAAAAAAAAAAAAAEAAAAAAAAAAAAAAAAAAAAAAAAAAAAAAAAAAAAKAAAAAAAAAAoAAAAAAAAAAAAAAAAAAAAKAAAAAAAAAAoAAAAAAAAAAAAAAACAAAABQAAAAAAAAAAAAAAAAAAAAUAAAAAAAAAAAAAAAAAAAAA/rIzxLJvFgASZSwPs28WALpMnFqzbxYAwAS/prNvFgAWk770s28WNiECgaD26D84g4Mw9NHNP5gjE1aPOuo/buhD03oq2j/cTzsLZIzrPxAAAAAMABQAEgAMAAgABAAMAAAAEAAAACwAAAA8AAAAAAADAAEAAACQAgAAAAAAAMAAAAAAAAAAUAAAAAAAAAAAAAAAAAAAAAAAAAAAAAoADAAAAAgABAAKAAAACAAAAFAAAAACAAAAKAAAAAQAAAAM/v//CAAAAAwAAAAAAAAAAAAAAAUAAAByZWZJZAAAACz+//8IAAAADAAAAAAAAAAAAAAABAAAAG5hbWUAAAAAAgAAAJABAAAYAAAAAAASABgAFAATABIADAAAAAgABAASAAAAFAAAAEQBAABEAQAAAAADAUQBAAACAAAALAAAAAQAAACQ/v//CAAAABAAAAAFAAAAX2NvbDcAAAAEAAAAbmFtZQAAAAC0/v//CAAAAPAAAADlAAAAeyJhdmFpbGFiaWxpdHlfem9uZSI6InVzLWVhc3QtMS0xIiwiY2VsbCI6InVzLWVhc3QtMS1jZWxsLTEiLCJpbnN0YW5jZV9uYW1lIjoiaS1BVWEwMFp0Mi1oZXJjdWxlcy0wMDA5LmFtYXpvbmF3cy5jb20iLCJpbnN0YW5jZV90eXBlIjoicjUuNHhsYXJnZSIsIm1lYXN1cmVfbmFtZSI6ImNwdV9zeXN0ZW0iLCJyZWdpb24iOiJ1cy1lYXN0LTEiLCJzaWxvIjoidXMtZWFzdC0xLWNlbGwtMS1zaWxvLTEifQAAAAYAAABsYWJlbHMAAAAAAACK////AAACAAUAAABfY29sNwASABgAFAAAABMADAAAAAgABAASAAAAFAAAAEQAAABMAAAAAAAACkwAAAABAAAADAAAAAgADAAIAAQACAAAAAgAAAAQAAAABAAAAHRpbWUAAAAABAAAAG5hbWUAAAAAAAAAAAAABgAIAAYABgAAAAAAAwAEAAAAdGltZQAAAACwAgAAQVJST1cx
FRAME=QVJST1cxAAD/////gAIAABAAAAAAAAoADgAMAAsABAAKAAAAFAAAAAAAAAEDAAoADAAAAAgABAAKAAAACAAAAFAAAAACAAAAKAAAAAQAAAAM/v//CAAAAAwAAAAAAAAAAAAAAAUAAAByZWZJZAAAACz+//8IAAAADAAAAAAAAAAAAAAABAAAAG5hbWUAAAAAAgAAAJABAAAYAAAAAAASABgAFAATABIADAAAAAgABAASAAAAFAAAAEQBAABEAQAAAAADAUQBAAACAAAALAAAAAQAAACQ/v//CAAAABAAAAAFAAAAX2NvbDcAAAAEAAAAbmFtZQAAAAC0/v//CAAAAPAAAADlAAAAeyJhdmFpbGFiaWxpdHlfem9uZSI6InVzLWVhc3QtMS0xIiwiY2VsbCI6InVzLWVhc3QtMS1jZWxsLTEiLCJpbnN0YW5jZV9uYW1lIjoiaS1BVWEwMFp0Mi1oZXJjdWxlcy0wMDAwLmFtYXpvbmF3cy5jb20iLCJpbnN0YW5jZV90eXBlIjoicjUuNHhsYXJnZSIsIm1lYXN1cmVfbmFtZSI6ImNwdV9zeXN0ZW0iLCJyZWdpb24iOiJ1cy1lYXN0LTEiLCJzaWxvIjoidXMtZWFzdC0xLWNlbGwtMS1zaWxvLTEifQAAAAYAAABsYWJlbHMAAAAAAACK////AAACAAUAAABfY29sNwASABgAFAAAABMADAAAAAgABAASAAAAFAAAAEQAAABMAAAAAAAACkwAAAABAAAADAAAAAgADAAIAAQACAAAAAgAAAAQAAAABAAAAHRpbWUAAAAABAAAAG5hbWUAAAAAAAAAAAAABgAIAAYABgAAAAAAAwAEAAAAdGltZQAAAAD/////uAAAABQAAAAAAAAADAAWABQAEwAMAAQADAAAAFAAAAAAAAAAFAAAAAAAAAMDAAoAGAAMAAgABAAKAAAAFAAAAFgAAAAFAAAAAAAAAAAAAAAEAAAAAAAAAAAAAAAAAAAAAAAAAAAAAAAAAAAAKAAAAAAAAAAoAAAAAAAAAAAAAAAAAAAAKAAAAAAAAAAoAAAAAAAAAAAAAAACAAAABQAAAAAAAAAAAAAAAAAAAAUAAAAAAAAAAAAAAAAAAAAA/rIzxLJvFgASZSwPs28WALpMnFqzbxYAwAS/prNvFgAWk770s28W0ITkE89L1j8p1dGJiCDrP1iHCHJr/+M/NfAOrcbY7D+IIuMNmvPNPxAAAAAMABQAEgAMAAgABAAMAAAAEAAAACwAAAA8AAAAAAADAAEAAACQAgAAAAAAAMAAAAAAAAAAUAAAAAAAAAAAAAAAAAAAAAAAAAAAAAoADAAAAAgABAAKAAAACAAAAFAAAAACAAAAKAAAAAQAAAAM/v//CAAAAAwAAAAAAAAAAAAAAAUAAAByZWZJZAAAACz+//8IAAAADAAAAAAAAAAAAAAABAAAAG5hbWUAAAAAAgAAAJABAAAYAAAAAAASABgAFAATABIADAAAAAgABAASAAAAFAAAAEQBAABEAQAAAAADAUQBAAACAAAALAAAAAQAAACQ/v//CAAAABAAAAAFAAAAX2NvbDcAAAAEAAAAbmFtZQAAAAC0/v//CAAAAPAAAADlAAAAeyJhdmFpbGFiaWxpdHlfem9uZSI6InVzLWVhc3QtMS0xIiwiY2VsbCI6InVzLWVhc3QtMS1jZWxsLTEiLCJpbnN0YW5jZV9uYW1lIjoiaS1BVWEwMFp0Mi1oZXJjdWxlcy0wMDAwLmFtYXpvbmF3cy5jb20iLCJpbnN0YW5jZV90eXBlIjoicjUuNHhsYXJnZSIsIm1lYXN1cmVfbmFtZSI6ImNwdV9zeXN0ZW0iLCJyZWdpb24iOiJ1cy1lYXN0LTEiLCJzaWxvIjoidXMtZWFzdC0xLWNlbGwtMS1zaWxvLTEifQAAAAYAAABsYWJlbHMAAAAAAACK////AAACAAUAAABfY29sNwASABgAFAAAABMADAAAAAgABAASAAAAFAAAAEQAAABMAAAAAAAACkwAAAABAAAADAAAAAgADAAIAAQACAAAAAgAAAAQAAAABAAAAHRpbWUAAAAABAAAAG5hbWUAAAAAAAAAAAAABgAIAAYABgAAAAAAAwAEAAAAdGltZQAAAACwAgAAQVJST1cx
FRAME=QVJST1cxAAD/////gAIAABAAAAAAAAoADgAMAAsABAAKAAAAFAAAAAAAAAEDAAoADAAAAAgABAAKAAAACAAAAFAAAAACAAAAKAAAAAQAAAAQ/v//CAAAAAwAAAAAAAAAAAAAAAUAAAByZWZJZAAAADD+//8IAAAADAAAAAAAAAAAAAAABAAAAG5hbWUAAAAAAgAAAIwBAAAYAAAAAAASABgAFAATABIADAAAAAgABAASAAAAFAAAAEABAABAAQAAAAADAUABAAACAAAALAAAAAQAAACU/v//CAAAABAAAAAFAAAAX2NvbDcAAAAEAAAAbmFtZQAAAAC4/v//CAAAAOwAAADjAAAAeyJhdmFpbGFiaWxpdHlfem9uZSI6InVzLWVhc3QtMS0xIiwiY2VsbCI6InVzLWVhc3QtMS1jZWxsLTEiLCJpbnN0YW5jZV9uYW1lIjoiaS1BVWEwMFp0Mi1oZXJjdWxlcy0wMDAzLmFtYXpvbmF3cy5jb20iLCJpbnN0YW5jZV90eXBlIjoicjUuNHhsYXJnZSIsIm1lYXN1cmVfbmFtZSI6ImNwdV91c2VyIiwicmVnaW9uIjoidXMtZWFzdC0xIiwic2lsbyI6InVzLWVhc3QtMS1jZWxsLTEtc2lsby0xIn0ABgAAAGxhYmVscwAAAAAAAIr///8AAAIABQAAAF9jb2w3ABIAGAAUAAAAEwAMAAAACAAEABIAAAAUAAAARAAAAEwAAAAAAAAKTAAAAAEAAAAMAAAACAAMAAgABAAIAAAACAAAABAAAAAEAAAAdGltZQAAAAAEAAAAbmFtZQAAAAAAAAAAAAAGAAgABgAGAAAAAAADAAQAAAB0aW1lAAAAAAAAAAD/////uAAAABQAAAAAAAAADAAWABQAEwAMAAQADAAAAFAAAAAAAAAAFAAAAAAAAAMDAAoAGAAMAAgABAAKAAAAFAAAAFgAAAAFAAAAAAAAAAAAAAAEAAAAAAAAAAAAAAAAAAAAAAAAAAAAAAAAAAAAKAAAAAAAAAAoAAAAAAAAAAAAAAAAAAAAKAAAAAAAAAAoAAAAAAAAAAAAAAACAAAABQAAAAAAAAAAAAAAAAAAAAUAAAAAAAAAAAAAAAAAAAAA/rIzxLJvFgASZSwPs28WALpMnFqzbxYAwAS/prNvFgAWk770s28Wj0njg5p/VkCUBD2qsxdXQHi5Hf8c0lVAzqUo8CV7VkCrASAehyZXQBAAAAAMABQAEgAMAAgABAAMAAAAEAAAACwAAAA4AAAAAAADAAEAAACQAgAAAAAAAMAAAAAAAAAAUAAAAAAAAAAAAAAAAAAAAAAACgAMAAAACAAEAAoAAAAIAAAAUAAAAAIAAAAoAAAABAAAABD+//8IAAAADAAAAAAAAAAAAAAABQAAAHJlZklkAAAAMP7//wgAAAAMAAAAAAAAAAAAAAAEAAAAbmFtZQAAAAACAAAAjAEAABgAAAAAABIAGAAUABMAEgAMAAAACAAEABIAAAAUAAAAQAEAAEABAAAAAAMBQAEAAAIAAAAsAAAABAAAAJT+//8IAAAAEAAAAAUAAABfY29sNwAAAAQAAABuYW1lAAAAALj+//8IAAAA7AAAAOMAAAB7ImF2YWlsYWJpbGl0eV96b25lIjoidXMtZWFzdC0xLTEiLCJjZWxsIjoidXMtZWFzdC0xLWNlbGwtMSIsImluc3RhbmNlX25hbWUiOiJpLUFVYTAwWnQyLWhlcmN1bGVzLTAwMDMuYW1hem9uYXdzLmNvbSIsImluc3RhbmNlX3R5cGUiOiJyNS40eGxhcmdlIiwibWVhc3VyZV9uYW1lIjoiY3B1X3VzZXIiLCJyZWdpb24iOiJ1cy1lYXN0LTEiLCJzaWxvIjoidXMtZWFzdC0xLWNlbGwtMS1zaWxvLTEifQAGAAAAbGFiZWxzAAAAAAAAiv///wAAAgAFAAAAX2NvbDcAEgAYABQAAAATAAwAAAAIAAQAEgAAABQAAABEAAAATAAAAAAAAApMAAAAAQAAAAwAAAAIAAwACAAEAAgAAAAIAAAAEAAAAAQAAAB0aW1lAAAAAAQAAABuYW1lAAAAAAAAAAAAAAYACAAGAAYAAAAAAAMABAAAAHRpbWUAAAAAqAIAAEFSUk9XMQ==
