ðŸŒŸ This was machine generated.  Do not edit. ðŸŒŸ

Frame[0] {}
Name: 
Dimensions: 3 Fields by 17 Rows
+-------------------+-----------------+---------------------------------+
| Name: Column      | Name: Type      | Name: Timestream attribute type |
| Labels:           | Labels:         | Labels:                         |
| Type: []*string   | Type: []*string | Type: []*string                 |
+-------------------+-----------------+---------------------------------+
| availability_zone | varchar         | DIMENSION                       |
| microservice_name | varchar         | DIMENSION                       |
| hostname          | varchar         | DIMENSION                       |
| instance_name     | varchar         | DIMENSION                       |
| process_name      | varchar         | DIMENSION                       |
| os_version        | varchar         | DIMENSION                       |
| az                | varchar         | DIMENSION                       |
| jdk_version       | varchar         | DIMENSION                       |
| region            | varchar         | DIMENSION                       |
| ...               | ...             | ...                             |
+-------------------+-----------------+---------------------------------+


====== TEST DATA RESPONSE (arrow base64) ======
FRAME=QVJST1cxAAD/////AAIAABAAAAAAAAoADgAMAAsABAAKAAAAFAAAAAAAAAEDAAoADAAAAAgABAAKAAAACAAAAHQAAAADAAAATAAAACgAAAAEAAAAiP7//wgAAAAMAAAAAAAAAAAAAAAFAAAAcmVmSWQAAACo/v//CAAAAAwAAAAAAAAAAAAAAAQAAABuYW1lAAAAAMj+//8IAAAADAAAAAIAAAB7fQAABAAAAG1ldGEAAAAAAwAAAPQAAACIAAAABAAAACr///8UAAAAUAAAAFAAAAAAAAUBTAAAAAEAAAAEAAAAGP///wgAAAAkAAAAGQAAAFRpbWVzdHJlYW0gYXR0cmlidXRlIHR5cGUAAAAEAAAAbmFtZQAAAAAAAAAAJP///xkAAABUaW1lc3RyZWFtIGF0dHJpYnV0ZSB0eXBlAAAAqv///xQAAAA8AAAAPAAAAAAABQE4AAAAAQAAAAQAAACY////CAAAABAAAAAEAAAAVHlwZQAAAAAEAAAAbmFtZQAAAAAAAAAAkP///wQAAABUeXBlAAASABgAFAATABIADAAAAAgABAASAAAAFAAAAEQAAABIAAAAAAAFAUQAAAABAAAADAAAAAgADAAIAAQACAAAAAgAAAAQAAAABgAAAENvbHVtbgAABAAAAG5hbWUAAAAAAAAAAAQABAAEAAAABgAAAENvbHVtbgAA/////xgBAAAUAAAAAAAAAAwAFgAUABMADAAEAAwAAADAAgAAAAAAABQAAAAAAAADAwAKABgADAAIAAQACgAAABQAAACoAAAAEQAAAAAAAAAAAAAACQAAAAAAAAAAAAAAAAAAAAAAAAAAAAAAAAAAAEgAAAAAAAAASAAAAAAAAADIAAAAAAAAABABAAAAAAAAAAAAAAAAAAAQAQAAAAAAAEgAAAAAAAAAWAEAAAAAAAB4AAAAAAAAANABAAAAAAAAAAAAAAAAAADQAQAAAAAAAEgAAAAAAAAAGAIAAAAAAACoAAAAAAAAAAAAAAADAAAAEQAAAAAAAAAAAAAAAAAAABEAAAAAAAAAAAAAAAAAAAARAAAAAAAAAAAAAAAAAAAAAAAAABEAAAAiAAAAKgAAADcAAABDAAAATQAAAE8AAABaAAAAYAAAAGQAAABoAAAAdQAAAIoAAACfAAAAtQAAAMEAAADFAAAAYXZhaWxhYmlsaXR5X3pvbmVtaWNyb3NlcnZpY2VfbmFtZWhvc3RuYW1laW5zdGFuY2VfbmFtZXByb2Nlc3NfbmFtZW9zX3ZlcnNpb25hempka192ZXJzaW9ucmVnaW9uY2VsbHNpbG9pbnN0YW5jZV90eXBlbWVhc3VyZV92YWx1ZTo6ZG91YmxlbWVhc3VyZV92YWx1ZTo6YmlnaW50bWVhc3VyZV92YWx1ZTo6dmFyY2hhcm1lYXN1cmVfbmFtZXRpbWUAAAAAAAAABwAAAA4AAAAVAAAAHAAAACMAAAAqAAAAMQAAADgAAAA/AAAARgAAAE0AAABUAAAAWgAAAGAAAABnAAAAbgAAAHcAAAB2YXJjaGFydmFyY2hhcnZhcmNoYXJ2YXJjaGFydmFyY2hhcnZhcmNoYXJ2YXJjaGFydmFyY2hhcnZhcmNoYXJ2YXJjaGFydmFyY2hhcnZhcmNoYXJkb3VibGViaWdpbnR2YXJjaGFydmFyY2hhcnRpbWVzdGFtcAAAAAAACQAAABIAAAAbAAAAJAAAAC0AAAA2AAAAPwAAAEgAAABRAAAAWgAAAGMAAABsAAAAeQAAAIYAAACTAAAAnwAAAKgAAABESU1FTlNJT05ESU1FTlNJT05ESU1FTlNJT05ESU1FTlNJT05ESU1FTlNJT05ESU1FTlNJT05ESU1FTlNJT05ESU1FTlNJT05ESU1FTlNJT05ESU1FTlNJT05ESU1FTlNJT05ESU1FTlNJT05NRUFTVVJFX1ZBTFVFTUVBU1VSRV9WQUxVRU1FQVNVUkVfVkFMVUVNRUFTVVJFX05BTUVUSU1FU1RBTVAQAAAADAAUABIADAAIAAQADAAAABAAAAAsAAAAPAAAAAAAAwABAAAAEAIAAAAAAAAgAQAAAAAAAMACAAAAAAAAAAAAAAAAAAAAAAAAAAAKAAwAAAAIAAQACgAAAAgAAAB0AAAAAwAAAEwAAAAoAAAABAAAAIj+//8IAAAADAAAAAAAAAAAAAAABQAAAHJlZklkAAAAqP7//wgAAAAMAAAAAAAAAAAAAAAEAAAAbmFtZQAAAADI/v//CAAAAAwAAAACAAAAe30AAAQAAABtZXRhAAAAAAMAAAD0AAAAiAAAAAQAAAAq////FAAAAFAAAABQAAAAAAAFAUwAAAABAAAABAAAABj///8IAAAAJAAAABkAAABUaW1lc3RyZWFtIGF0dHJpYnV0ZSB0eXBlAAAABAAAAG5hbWUAAAAAAAAAACT///8ZAAAAVGltZXN0cmVhbSBhdHRyaWJ1dGUgdHlwZQAAAKr///8UAAAAPAAAADwAAAAAAAUBOAAAAAEAAAAEAAAAmP///wgAAAAQAAAABAAAAFR5cGUAAAAABAAAAG5hbWUAAAAAAAAAAJD///8EAAAAVHlwZQAAEgAYABQAEwASAAwAAAAIAAQAEgAAABQAAABEAAAASAAAAAAABQFEAAAAAQAAAAwAAAAIAAwACAAEAAgAAAAIAAAAEAAAAAYAAABDb2x1bW4AAAQAAABuYW1lAAAAAAAAAAAEAAQABAAAAAYAAABDb2x1bW4AADACAABBUlJPVzE=
