ðŸŒŸ This was machine generated.  Do not edit. ðŸŒŸ

Frame[0] {}
Name: 
Dimensions: 17 Fields by 3 Rows
+-------------------------+-------------------------+-----------------+------------------------------------+--------------------+------------------+-----------------+-------------------+-----------------+------------------+-------------------------+---------------------+--------------------+-------------------------------+-----------------------------+-----------------------------+------------------------------+
| Name: availability_zone | Name: microservice_name | Name: hostname  | Name: instance_name                | Name: process_name | Name: os_version | Name: az        | Name: jdk_version | Name: region    | Name: cell       | Name: silo              | Name: instance_type | Name: measure_name | Name: time                    | Name: measure_value::double | Name: measure_value::bigint | Name: measure_value::varchar |
| Labels:                 | Labels:                 | Labels:         | Labels:                            | Labels:            | Labels:          | Labels:         | Labels:           | Labels:         | Labels:          | Labels:                 | Labels:             | Labels:            | Labels:                       | Labels:                     | Labels:                     | Labels:                      |
| Type: []*string         | Type: []*string         | Type: []*string | Type: []*string                    | Type: []*string    | Type: []*string  | Type: []*string | Type: []*string   | Type: []*string | Type: []*string  | Type: []*string         | Type: []*string     | Type: []*string    | Type: []*time.Time            | Type: []*float64            | Type: []*int64              | Type: []*string              |
+-------------------------+-------------------------+-----------------+------------------------------------+--------------------+------------------+-----------------+-------------------+-----------------+------------------+-------------------------+---------------------+--------------------+-------------------------------+-----------------------------+-----------------------------+------------------------------+
| us-west-2-3             | zeus                    | null            | i-AUa00Zt2-zeus-0014.amazonaws.com | server             | null             | null            | JDK_11            | us-west-2       | us-west-2-cell-2 | us-west-2-cell-2-silo-2 | null                | task_end_state     | 2021-03-14 09:45:28 +0000 UTC | null                        | null                        | SUCCESS_WITH_RESULT          |
| us-west-2-3             | zeus                    | null            | i-AUa00Zt2-zeus-0014.amazonaws.com | server             | null             | null            | JDK_11            | us-west-2       | us-west-2-cell-2 | us-west-2-cell-2-silo-2 | null                | task_end_state     | 2021-03-14 09:52:44 +0000 UTC | null                        | null                        | SUCCESS_WITH_RESULT          |
| us-west-2-3             | zeus                    | null            | i-AUa00Zt2-zeus-0014.amazonaws.com | server             | null             | null            | JDK_11            | us-west-2       | us-west-2-cell-2 | us-west-2-cell-2-silo-2 | null                | task_end_state     | 2021-03-14 09:59:58 +0000 UTC | null                        | null                        | SUCCESS_WITH_RESULT          |
+-------------------------+-------------------------+-----------------+------------------------------------+--------------------+------------------+-----------------+-------------------+-----------------+------------------+-------------------------+---------------------+--------------------+-------------------------------+-----------------------------+-----------------------------+------------------------------+


====== TEST DATA RESPONSE (arrow base64) ======
FRAME=QVJST1cxAAD/////4AcAABAAAAAAAAoADgAMAAsABAAKAAAAFAAAAAAAAAEEAAoADAAAAAgABAAKAAAACAAAAHQAAAADAAAATAAAACgAAAAEAAAAwPj//wgAAAAMAAAAAAAAAAAAAAAFAAAAcmVmSWQAAADg+P//CAAAAAwAAAAAAAAAAAAAAAQAAABuYW1lAAAAAAD5//8IAAAADAAAAAIAAAB7fQAABAAAAG1ldGEAAAAAEQAAALwGAAA4BgAA1AUAAGgFAAD8BAAAmAQAAEQEAADgAwAAhAMAACgDAADMAgAAYAIAAPQBAACMAQAADAEAAIAAAAAEAAAAmvn//xQAAABMAAAATAAAAAAABQFIAAAAAQAAAAQAAACI+f//CAAAACAAAAAWAAAAbWVhc3VyZV92YWx1ZTo6dmFyY2hhcgAABAAAAG5hbWUAAAAAAAAAAIT5//8WAAAAbWVhc3VyZV92YWx1ZTo6dmFyY2hhcgAAEvr//xQAAABMAAAAVAAAAAAAAgFYAAAAAQAAAAQAAAAA+v//CAAAACAAAAAVAAAAbWVhc3VyZV92YWx1ZTo6YmlnaW50AAAABAAAAG5hbWUAAAAAAAAAAAgADAAIAAcACAAAAAAAAAFAAAAAFQAAAG1lYXN1cmVfdmFsdWU6OmJpZ2ludAAAAJr6//8UAAAATAAAAEwAAAAAAAMBTAAAAAEAAAAEAAAAiPr//wgAAAAgAAAAFQAAAG1lYXN1cmVfdmFsdWU6OmRvdWJsZQAAAAQAAABuYW1lAAAAAAAAAACS////AAACABUAAABtZWFzdXJlX3ZhbHVlOjpkb3VibGUAAAAW+///FAAAADwAAABEAAAAAAAKAUQAAAABAAAABAAAAAT7//8IAAAAEAAAAAQAAAB0aW1lAAAAAAQAAABuYW1lAAAAAAAAAAAAAAYACAAGAAYAAAAAAAMABAAAAHRpbWUAAAAAevv//xQAAABEAAAARAAAAAAABQFAAAAAAQAAAAQAAABo+///CAAAABgAAAAMAAAAbWVhc3VyZV9uYW1lAAAAAAQAAABuYW1lAAAAAAAAAABc+///DAAAAG1lYXN1cmVfbmFtZQAAAADi+///FAAAAEQAAABEAAAAAAAFAUAAAAABAAAABAAAAND7//8IAAAAGAAAAA0AAABpbnN0YW5jZV90eXBlAAAABAAAAG5hbWUAAAAAAAAAAMT7//8NAAAAaW5zdGFuY2VfdHlwZQAAAEr8//8UAAAAPAAAADwAAAAAAAUBOAAAAAEAAAAEAAAAOPz//wgAAAAQAAAABAAAAHNpbG8AAAAABAAAAG5hbWUAAAAAAAAAACT8//8EAAAAc2lsbwAAAACi/P//FAAAADwAAAA8AAAAAAAFATgAAAABAAAABAAAAJD8//8IAAAAEAAAAAQAAABjZWxsAAAAAAQAAABuYW1lAAAAAAAAAAB8/P//BAAAAGNlbGwAAAAA+vz//xQAAAA8AAAAPAAAAAAABQE4AAAAAQAAAAQAAADo/P//CAAAABAAAAAGAAAAcmVnaW9uAAAEAAAAbmFtZQAAAAAAAAAA1Pz//wYAAAByZWdpb24AAFL9//8UAAAAQAAAAEAAAAAAAAUBPAAAAAEAAAAEAAAAQP3//wgAAAAUAAAACwAAAGpka192ZXJzaW9uAAQAAABuYW1lAAAAAAAAAAAw/f//CwAAAGpka192ZXJzaW9uALL9//8UAAAAOAAAADgAAAAAAAUBNAAAAAEAAAAEAAAAoP3//wgAAAAMAAAAAgAAAGF6AAAEAAAAbmFtZQAAAAAAAAAAiP3//wIAAABhegAAAv7//xQAAABAAAAAQAAAAAAABQE8AAAAAQAAAAQAAADw/f//CAAAABQAAAAKAAAAb3NfdmVyc2lvbgAABAAAAG5hbWUAAAAAAAAAAOD9//8KAAAAb3NfdmVyc2lvbgAAYv7//xQAAABEAAAARAAAAAAABQFAAAAAAQAAAAQAAABQ/v//CAAAABgAAAAMAAAAcHJvY2Vzc19uYW1lAAAAAAQAAABuYW1lAAAAAAAAAABE/v//DAAAAHByb2Nlc3NfbmFtZQAAAADK/v//FAAAAEQAAABEAAAAAAAFAUAAAAABAAAABAAAALj+//8IAAAAGAAAAA0AAABpbnN0YW5jZV9uYW1lAAAABAAAAG5hbWUAAAAAAAAAAKz+//8NAAAAaW5zdGFuY2VfbmFtZQAAADL///8UAAAAQAAAAEAAAAAAAAUBPAAAAAEAAAAEAAAAIP///wgAAAAUAAAACAAAAGhvc3RuYW1lAAAAAAQAAABuYW1lAAAAAAAAAAAQ////CAAAAGhvc3RuYW1lAAAAAJL///8UAAAASAAAAEgAAAAAAAUBRAAAAAEAAAAEAAAAgP///wgAAAAcAAAAEQAAAG1pY3Jvc2VydmljZV9uYW1lAAAABAAAAG5hbWUAAAAAAAAAAHj///8RAAAAbWljcm9zZXJ2aWNlX25hbWUAEgAYABQAEwASAAwAAAAIAAQAEgAAABQAAABQAAAAVAAAAAAABQFQAAAAAQAAAAwAAAAIAAwACAAEAAgAAAAIAAAAHAAAABEAAABhdmFpbGFiaWxpdHlfem9uZQAAAAQAAABuYW1lAAAAAAAAAAAEAAQABAAAABEAAABhdmFpbGFiaWxpdHlfem9uZQAAAP////9oBAAAFAAAAAAAAAAMABYAFAATAAwABAAMAAAAMAMAAAAAAAAUAAAAAAAAAwQACgAYAAwACAAEAAoAAAAUAAAAGAMAAAMAAAAAAAAAAAAAADAAAAAAAAAAAAAAAAAAAAAAAAAAAAAAAAAAAAAQAAAAAAAAABAAAAAAAAAAIQAAAAAAAAA4AAAAAAAAAAAAAAAAAAAAOAAAAAAAAAAQAAAAAAAAAEgAAAAAAAAADAAAAAAAAABYAAAAAAAAAAEAAAAAAAAAYAAAAAAAAAAQAAAAAAAAAHAAAAAAAAAAAAAAAAAAAABwAAAAAAAAAAAAAAAAAAAAcAAAAAAAAAAQAAAAAAAAAIAAAAAAAAAAZgAAAAAAAADoAAAAAAAAAAAAAAAAAAAA6AAAAAAAAAAQAAAAAAAAAPgAAAAAAAAAEgAAAAAAAAAQAQAAAAAAAAEAAAAAAAAAGAEAAAAAAAAQAAAAAAAAACgBAAAAAAAAAAAAAAAAAAAoAQAAAAAAAAEAAAAAAAAAMAEAAAAAAAAQAAAAAAAAAEABAAAAAAAAAAAAAAAAAABAAQAAAAAAAAAAAAAAAAAAQAEAAAAAAAAQAAAAAAAAAFABAAAAAAAAEgAAAAAAAABoAQAAAAAAAAAAAAAAAAAAaAEAAAAAAAAQAAAAAAAAAHgBAAAAAAAAGwAAAAAAAACYAQAAAAAAAAAAAAAAAAAAmAEAAAAAAAAQAAAAAAAAAKgBAAAAAAAAMAAAAAAAAADYAQAAAAAAAAAAAAAAAAAA2AEAAAAAAAAQAAAAAAAAAOgBAAAAAAAARQAAAAAAAAAwAgAAAAAAAAEAAAAAAAAAOAIAAAAAAAAQAAAAAAAAAEgCAAAAAAAAAAAAAAAAAABIAgAAAAAAAAAAAAAAAAAASAIAAAAAAAAQAAAAAAAAAFgCAAAAAAAAKgAAAAAAAACIAgAAAAAAAAAAAAAAAAAAiAIAAAAAAAAYAAAAAAAAAKACAAAAAAAABAAAAAAAAACoAgAAAAAAABgAAAAAAAAAwAIAAAAAAAAEAAAAAAAAAMgCAAAAAAAAGAAAAAAAAADgAgAAAAAAAAAAAAAAAAAA4AIAAAAAAAAQAAAAAAAAAPACAAAAAAAAOQAAAAAAAAAAAAAAEQAAAAMAAAAAAAAAAAAAAAAAAAADAAAAAAAAAAAAAAAAAAAAAwAAAAAAAAADAAAAAAAAAAMAAAAAAAAAAAAAAAAAAAADAAAAAAAAAAAAAAAAAAAAAwAAAAAAAAADAAAAAAAAAAMAAAAAAAAAAwAAAAAAAAADAAAAAAAAAAAAAAAAAAAAAwAAAAAAAAAAAAAAAAAAAAMAAAAAAAAAAAAAAAAAAAADAAAAAAAAAAAAAAAAAAAAAwAAAAAAAAADAAAAAAAAAAMAAAAAAAAAAAAAAAAAAAADAAAAAAAAAAAAAAAAAAAAAwAAAAAAAAADAAAAAAAAAAMAAAAAAAAAAwAAAAAAAAADAAAAAAAAAAAAAAAAAAAAAAAAAAsAAAAWAAAAIQAAAHVzLXdlc3QtMi0zdXMtd2VzdC0yLTN1cy13ZXN0LTItMwAAAAAAAAAAAAAABAAAAAgAAAAMAAAAemV1c3pldXN6ZXVzAAAAAAAAAAAAAAAAAAAAAAAAAAAAAAAAAAAAAAAAAAAiAAAARAAAAGYAAABpLUFVYTAwWnQyLXpldXMtMDAxNC5hbWF6b25hd3MuY29taS1BVWEwMFp0Mi16ZXVzLTAwMTQuYW1hem9uYXdzLmNvbWktQVVhMDBadDItemV1cy0wMDE0LmFtYXpvbmF3cy5jb20AAAAAAAAGAAAADAAAABIAAABzZXJ2ZXJzZXJ2ZXJzZXJ2ZXIAAAAAAAAAAAAAAAAAAAAAAAAAAAAAAAAAAAAAAAAAAAAAAAAAAAAAAAAAAAAAAAAAAAAAAAAAAAAABgAAAAwAAAASAAAASkRLXzExSkRLXzExSkRLXzExAAAAAAAAAAAAAAkAAAASAAAAGwAAAHVzLXdlc3QtMnVzLXdlc3QtMnVzLXdlc3QtMgAAAAAAAAAAABAAAAAgAAAAMAAAAHVzLXdlc3QtMi1jZWxsLTJ1cy13ZXN0LTItY2VsbC0ydXMtd2VzdC0yLWNlbGwtMgAAAAAXAAAALgAAAEUAAAB1cy13ZXN0LTItY2VsbC0yLXNpbG8tMnVzLXdlc3QtMi1jZWxsLTItc2lsby0ydXMtd2VzdC0yLWNlbGwtMi1zaWxvLTIAAAAAAAAAAAAAAAAAAAAAAAAAAAAAAAAAAAAAAAAADgAAABwAAAAqAAAAdGFza19lbmRfc3RhdGV0YXNrX2VuZF9zdGF0ZXRhc2tfZW5kX3N0YXRlAAAAAAAAADCqNlksbBYAOEq6vixsFgCstMYjLWwWAAAAAAAAAAAAAAAAAAAAAAAAAAAAAAAAAAAAAAAAAAAAAAAAAAAAAAAAAAAAAAAAAAAAAAAAAAAAAAAAAAAAAAAAAAATAAAAJgAAADkAAABTVUNDRVNTX1dJVEhfUkVTVUxUU1VDQ0VTU19XSVRIX1JFU1VMVFNVQ0NFU1NfV0lUSF9SRVNVTFQAAAAAAAAAEAAAAAwAFAASAAwACAAEAAwAAAAQAAAALAAAADwAAAAAAAQAAQAAAPAHAAAAAAAAcAQAAAAAAAAwAwAAAAAAAAAAAAAAAAAAAAAAAAAACgAMAAAACAAEAAoAAAAIAAAAdAAAAAMAAABMAAAAKAAAAAQAAADA+P//CAAAAAwAAAAAAAAAAAAAAAUAAAByZWZJZAAAAOD4//8IAAAADAAAAAAAAAAAAAAABAAAAG5hbWUAAAAAAPn//wgAAAAMAAAAAgAAAHt9AAAEAAAAbWV0YQAAAAARAAAAvAYAADgGAADUBQAAaAUAAPwEAACYBAAARAQAAOADAACEAwAAKAMAAMwCAABgAgAA9AEAAIwBAAAMAQAAgAAAAAQAAACa+f//FAAAAEwAAABMAAAAAAAFAUgAAAABAAAABAAAAIj5//8IAAAAIAAAABYAAABtZWFzdXJlX3ZhbHVlOjp2YXJjaGFyAAAEAAAAbmFtZQAAAAAAAAAAhPn//xYAAABtZWFzdXJlX3ZhbHVlOjp2YXJjaGFyAAAS+v//FAAAAEwAAABUAAAAAAACAVgAAAABAAAABAAAAAD6//8IAAAAIAAAABUAAABtZWFzdXJlX3ZhbHVlOjpiaWdpbnQAAAAEAAAAbmFtZQAAAAAAAAAACAAMAAgABwAIAAAAAAAAAUAAAAAVAAAAbWVhc3VyZV92YWx1ZTo6YmlnaW50AAAAmvr//xQAAABMAAAATAAAAAAAAwFMAAAAAQAAAAQAAACI+v//CAAAACAAAAAVAAAAbWVhc3VyZV92YWx1ZTo6ZG91YmxlAAAABAAAAG5hbWUAAAAAAAAAAJL///8AAAIAFQAAAG1lYXN1cmVfdmFsdWU6OmRvdWJsZQAAABb7//8UAAAAPAAAAEQAAAAAAAoBRAAAAAEAAAAEAAAABPv//wgAAAAQAAAABAAAAHRpbWUAAAAABAAAAG5hbWUAAAAAAAAAAAAABgAIAAYABgAAAAAAAwAEAAAAdGltZQAAAAB6+///FAAAAEQAAABEAAAAAAAFAUAAAAABAAAABAAAAGj7//8IAAAAGAAAAAwAAABtZWFzdXJlX25hbWUAAAAABAAAAG5hbWUAAAAAAAAAAFz7//8MAAAAbWVhc3VyZV9uYW1lAAAAAOL7//8UAAAARAAAAEQAAAAAAAUBQAAAAAEAAAAEAAAA0Pv//wgAAAAYAAAADQAAAGluc3RhbmNlX3R5cGUAAAAEAAAAbmFtZQAAAAAAAAAAxPv//w0AAABpbnN0YW5jZV90eXBlAAAASvz//xQAAAA8AAAAPAAAAAAABQE4AAAAAQAAAAQAAAA4/P//CAAAABAAAAAEAAAAc2lsbwAAAAAEAAAAbmFtZQAAAAAAAAAAJPz//wQAAABzaWxvAAAAAKL8//8UAAAAPAAAADwAAAAAAAUBOAAAAAEAAAAEAAAAkPz//wgAAAAQAAAABAAAAGNlbGwAAAAABAAAAG5hbWUAAAAAAAAAAHz8//8EAAAAY2VsbAAAAAD6/P//FAAAADwAAAA8AAAAAAAFATgAAAABAAAABAAAAOj8//8IAAAAEAAAAAYAAAByZWdpb24AAAQAAABuYW1lAAAAAAAAAADU/P//BgAAAHJlZ2lvbgAAUv3//xQAAABAAAAAQAAAAAAABQE8AAAAAQAAAAQAAABA/f//CAAAABQAAAALAAAAamRrX3ZlcnNpb24ABAAAAG5hbWUAAAAAAAAAADD9//8LAAAAamRrX3ZlcnNpb24Asv3//xQAAAA4AAAAOAAAAAAABQE0AAAAAQAAAAQAAACg/f//CAAAAAwAAAACAAAAYXoAAAQAAABuYW1lAAAAAAAAAACI/f//AgAAAGF6AAAC/v//FAAAAEAAAABAAAAAAAAFATwAAAABAAAABAAAAPD9//8IAAAAFAAAAAoAAABvc192ZXJzaW9uAAAEAAAAbmFtZQAAAAAAAAAA4P3//woAAABvc192ZXJzaW9uAABi/v//FAAAAEQAAABEAAAAAAAFAUAAAAABAAAABAAAAFD+//8IAAAAGAAAAAwAAABwcm9jZXNzX25hbWUAAAAABAAAAG5hbWUAAAAAAAAAAET+//8MAAAAcHJvY2Vzc19uYW1lAAAAAMr+//8UAAAARAAAAEQAAAAAAAUBQAAAAAEAAAAEAAAAuP7//wgAAAAYAAAADQAAAGluc3RhbmNlX25hbWUAAAAEAAAAbmFtZQAAAAAAAAAArP7//w0AAABpbnN0YW5jZV9uYW1lAAAAMv///xQAAABAAAAAQAAAAAAABQE8AAAAAQAAAAQAAAAg////CAAAABQAAAAIAAAAaG9zdG5hbWUAAAAABAAAAG5hbWUAAAAAAAAAABD///8IAAAAaG9zdG5hbWUAAAAAkv///xQAAABIAAAASAAAAAAABQFEAAAAAQAAAAQAAACA////CAAAABwAAAARAAAAbWljcm9zZXJ2aWNlX25hbWUAAAAEAAAAbmFtZQAAAAAAAAAAeP///xEAAABtaWNyb3NlcnZpY2VfbmFtZQASABgAFAATABIADAAAAAgABAASAAAAFAAAAFAAAABUAAAAAAAFAVAAAAABAAAADAAAAAgADAAIAAQACAAAAAgAAAAcAAAAEQAAAGF2YWlsYWJpbGl0eV96b25lAAAABAAAAG5hbWUAAAAAAAAAAAQABAAEAAAAEQAAAGF2YWlsYWJpbGl0eV96b25lAAAAEAgAAEFSUk9XMQ==
