ðŸŒŸ This was machine generated.  Do not edit. ðŸŒŸ

Frame[0] {}
Name: 
Dimensions: 17 Fields by 10 Rows
+-------------------------+-------------------------+-----------------+------------------------------------+--------------------+------------------+-----------------+-------------------+-----------------+------------------+-------------------------+---------------------+--------------------+-------------------------------+-----------------------------+-----------------------------+------------------------------+
| Name: availability_zone | Name: microservice_name | Name: hostname  | Name: instance_name                | Name: process_name | Name: os_version | Name: az        | Name: jdk_version | Name: region    | Name: cell       | Name: silo              | Name: instance_type | Name: measure_name | Name: time                    | Name: measure_value::double | Name: measure_value::bigint | Name: measure_value::varchar |
| Labels:                 | Labels:                 | Labels:         | Labels:                            | Labels:            | Labels:          | Labels:         | Labels:           | Labels:         | Labels:          | Labels:                 | Labels:             | Labels:            | Labels:                       | Labels:                     | Labels:                     | Labels:                      |
| Type: []*string         | Type: []*string         | Type: []*string | Type: []*string                    | Type: []*string    | Type: []*string  | Type: []*string | Type: []*string   | Type: []*string | Type: []*string  | Type: []*string         | Type: []*string     | Type: []*string    | Type: []*time.Time            | Type: []*float64            | Type: []*int64              | Type: []*string              |
+-------------------------+-------------------------+-----------------+------------------------------------+--------------------+------------------+-----------------+-------------------+-----------------+------------------+-------------------------+---------------------+--------------------+-------------------------------+-----------------------------+-----------------------------+------------------------------+
| us-west-2-3             | zeus                    | null            | i-AUa00Zt2-zeus-0014.amazonaws.com | server             | null             | null            | JDK_11            | us-west-2       | us-west-2-cell-2 | us-west-2-cell-2-silo-2 | null                | task_end_state     | 2021-05-06 06:35:38 +0000 UTC | null                        | null                        | SUCCESS_WITH_RESULT          |
| us-west-2-3             | zeus                    | null            | i-AUa00Zt2-zeus-0014.amazonaws.com | server             | null             | null            | JDK_11            | us-west-2       | us-west-2-cell-2 | us-west-2-cell-2-silo-2 | null                | task_end_state     | 2021-05-06 06:40:34 +0000 UTC | null                        | null                        | SUCCESS_WITH_RESULT          |
| us-west-2-3             | zeus                    | null            | i-AUa00Zt2-zeus-0014.amazonaws.com | server             | null             | null            | JDK_11            | us-west-2       | us-west-2-cell-2 | us-west-2-cell-2-silo-2 | null                | task_end_state     | 2021-05-06 06:45:39 +0000 UTC | null                        | null                        | SUCCESS_WITH_RESULT          |
| us-west-2-3             | zeus                    | null            | i-AUa00Zt2-zeus-0014.amazonaws.com | server             | null             | null            | JDK_11            | us-west-2       | us-west-2-cell-2 | us-west-2-cell-2-silo-2 | null                | task_completed     | 2021-05-06 06:35:38 +0000 UTC | null                        | 223                         | null                         |
| us-west-2-3             | zeus                    | null            | i-AUa00Zt2-zeus-0014.amazonaws.com | server             | null             | null            | JDK_11            | us-west-2       | us-west-2-cell-2 | us-west-2-cell-2-silo-2 | null                | task_completed     | 2021-05-06 06:40:34 +0000 UTC | null                        | 441                         | null                         |
| us-west-2-3             | zeus                    | null            | i-AUa00Zt2-zeus-0014.amazonaws.com | server             | null             | null            | JDK_11            | us-west-2       | us-west-2-cell-2 | us-west-2-cell-2-silo-2 | null                | task_completed     | 2021-05-06 06:45:39 +0000 UTC | null                        | 107                         | null                         |
| us-west-2-3             | zeus                    | null            | i-AUa00Zt2-zeus-0014.amazonaws.com | null               | AL2              | null            | null              | us-west-2       | us-west-2-cell-2 | us-west-2-cell-2-silo-2 | m5.4xlarge          | network_bytes_out  | 2021-05-06 06:35:38 +0000 UTC | 40.232656725296536          | null                        | null                         |
| us-west-2-3             | zeus                    | null            | i-AUa00Zt2-zeus-0014.amazonaws.com | null               | AL2              | null            | null              | us-west-2       | us-west-2-cell-2 | us-west-2-cell-2-silo-2 | m5.4xlarge          | network_bytes_out  | 2021-05-06 06:40:34 +0000 UTC | 13.837759955115668          | null                        | null                         |
| us-west-2-3             | zeus                    | null            | i-AUa00Zt2-zeus-0014.amazonaws.com | null               | AL2              | null            | null              | us-west-2       | us-west-2-cell-2 | us-west-2-cell-2-silo-2 | m5.4xlarge          | network_bytes_out  | 2021-05-06 06:45:39 +0000 UTC | 72.19912056957318           | null                        | null                         |
| us-west-2-3             | zeus                    | null            | i-AUa00Zt2-zeus-0014.amazonaws.com | null               | AL2              | null            | null              | us-west-2       | us-west-2-cell-2 | us-west-2-cell-2-silo-2 | m5.4xlarge          | network_bytes_in   | 2021-05-06 06:35:38 +0000 UTC | 27.094076152317903          | null                        | null                         |
+-------------------------+-------------------------+-----------------+------------------------------------+--------------------+------------------+-----------------+-------------------+-----------------+------------------+-------------------------+---------------------+--------------------+-------------------------------+-----------------------------+-----------------------------+------------------------------+


====== TEST DATA RESPONSE (arrow base64) ======
FRAME=QVJST1cxAAD/////4AcAABAAAAAAAAoADgAMAAsABAAKAAAAFAAAAAAAAAEEAAoADAAAAAgABAAKAAAACAAAAHQAAAADAAAATAAAACgAAAAEAAAAwPj//wgAAAAMAAAAAAAAAAAAAAAFAAAAcmVmSWQAAADg+P//CAAAAAwAAAAAAAAAAAAAAAQAAABuYW1lAAAAAAD5//8IAAAADAAAAAIAAAB7fQAABAAAAG1ldGEAAAAAEQAAALwGAAA4BgAA1AUAAGgFAAD8BAAAmAQAAEQEAADgAwAAhAMAACgDAADMAgAAYAIAAPQBAACMAQAADAEAAIAAAAAEAAAAmvn//xQAAABMAAAATAAAAAAABQFIAAAAAQAAAAQAAACI+f//CAAAACAAAAAWAAAAbWVhc3VyZV92YWx1ZTo6dmFyY2hhcgAABAAAAG5hbWUAAAAAAAAAAIT5//8WAAAAbWVhc3VyZV92YWx1ZTo6dmFyY2hhcgAAEvr//xQAAABMAAAAVAAAAAAAAgFYAAAAAQAAAAQAAAAA+v//CAAAACAAAAAVAAAAbWVhc3VyZV92YWx1ZTo6YmlnaW50AAAABAAAAG5hbWUAAAAAAAAAAAgADAAIAAcACAAAAAAAAAFAAAAAFQAAAG1lYXN1cmVfdmFsdWU6OmJpZ2ludAAAAJr6//8UAAAATAAAAEwAAAAAAAMBTAAAAAEAAAAEAAAAiPr//wgAAAAgAAAAFQAAAG1lYXN1cmVfdmFsdWU6OmRvdWJsZQAAAAQAAABuYW1lAAAAAAAAAACS////AAACABUAAABtZWFzdXJlX3ZhbHVlOjpkb3VibGUAAAAW+///FAAAADwAAABEAAAAAAAKAUQAAAABAAAABAAAAAT7//8IAAAAEAAAAAQAAAB0aW1lAAAAAAQAAABuYW1lAAAAAAAAAAAAAAYACAAGAAYAAAAAAAMABAAAAHRpbWUAAAAAevv//xQAAABEAAAARAAAAAAABQFAAAAAAQAAAAQAAABo+///CAAAABgAAAAMAAAAbWVhc3VyZV9uYW1lAAAAAAQAAABuYW1lAAAAAAAAAABc+///DAAAAG1lYXN1cmVfbmFtZQAAAADi+///FAAAAEQAAABEAAAAAAAFAUAAAAABAAAABAAAAND7//8IAAAAGAAAAA0AAABpbnN0YW5jZV90eXBlAAAABAAAAG5hbWUAAAAAAAAAAMT7//8NAAAAaW5zdGFuY2VfdHlwZQAAAEr8//8UAAAAPAAAADwAAAAAAAUBOAAAAAEAAAAEAAAAOPz//wgAAAAQAAAABAAAAHNpbG8AAAAABAAAAG5hbWUAAAAAAAAAACT8//8EAAAAc2lsbwAAAACi/P//FAAAADwAAAA8AAAAAAAFATgAAAABAAAABAAAAJD8//8IAAAAEAAAAAQAAABjZWxsAAAAAAQAAABuYW1lAAAAAAAAAAB8/P//BAAAAGNlbGwAAAAA+vz//xQAAAA8AAAAPAAAAAAABQE4AAAAAQAAAAQAAADo/P//CAAAABAAAAAGAAAAcmVnaW9uAAAEAAAAbmFtZQAAAAAAAAAA1Pz//wYAAAByZWdpb24AAFL9//8UAAAAQAAAAEAAAAAAAAUBPAAAAAEAAAAEAAAAQP3//wgAAAAUAAAACwAAAGpka192ZXJzaW9uAAQAAABuYW1lAAAAAAAAAAAw/f//CwAAAGpka192ZXJzaW9uALL9//8UAAAAOAAAADgAAAAAAAUBNAAAAAEAAAAEAAAAoP3//wgAAAAMAAAAAgAAAGF6AAAEAAAAbmFtZQAAAAAAAAAAiP3//wIAAABhegAAAv7//xQAAABAAAAAQAAAAAAABQE8AAAAAQAAAAQAAADw/f//CAAAABQAAAAKAAAAb3NfdmVyc2lvbgAABAAAAG5hbWUAAAAAAAAAAOD9//8KAAAAb3NfdmVyc2lvbgAAYv7//xQAAABEAAAARAAAAAAABQFAAAAAAQAAAAQAAABQ/v//CAAAABgAAAAMAAAAcHJvY2Vzc19uYW1lAAAAAAQAAABuYW1lAAAAAAAAAABE/v//DAAAAHByb2Nlc3NfbmFtZQAAAADK/v//FAAAAEQAAABEAAAAAAAFAUAAAAABAAAABAAAALj+//8IAAAAGAAAAA0AAABpbnN0YW5jZV9uYW1lAAAABAAAAG5hbWUAAAAAAAAAAKz+//8NAAAAaW5zdGFuY2VfbmFtZQAAADL///8UAAAAQAAAAEAAAAAAAAUBPAAAAAEAAAAEAAAAIP///wgAAAAUAAAACAAAAGhvc3RuYW1lAAAAAAQAAABuYW1lAAAAAAAAAAAQ////CAAAAGhvc3RuYW1lAAAAAJL///8UAAAASAAAAEgAAAAAAAUBRAAAAAEAAAAEAAAAgP///wgAAAAcAAAAEQAAAG1pY3Jvc2VydmljZV9uYW1lAAAABAAAAG5hbWUAAAAAAAAAAHj///8RAAAAbWljcm9zZXJ2aWNlX25hbWUAEgAYABQAEwASAAwAAAAIAAQAEgAAABQAAABQAAAAVAAAAAAABQFQAAAAAQAAAAwAAAAIAAwACAAEAAgAAAAIAAAAHAAAABEAAABhdmFpbGFiaWxpdHlfem9uZQAAAAQAAABuYW1lAAAAAAAAAAAEAAQABAAAABEAAABhdmFpbGFiaWxpdHlfem9uZQAAAP////9oBAAAFAAAAAAAAAAMABYAFAATAAwABAAMAAAAEAkAAAAAAAAUAAAAAAAAAwQACgAYAAwACAAEAAoAAAAUAAAAGAMAAAoAAAAAAAAAAAAAADAAAAAAAAAAAAAAAAAAAAAAAAAAAAAAAAAAAAAsAAAAAAAAADAAAAAAAAAAbgAAAAAAAACgAAAAAAAAAAAAAAAAAAAAoAAAAAAAAAAsAAAAAAAAANAAAAAAAAAAKAAAAAAAAAD4AAAAAAAAAAIAAAAAAAAAAAEAAAAAAAAsAAAAAAAAADABAAAAAAAAAAAAAAAAAAAwAQAAAAAAAAAAAAAAAAAAMAEAAAAAAAAsAAAAAAAAAGABAAAAAAAAVAEAAAAAAAC4AgAAAAAAAAIAAAAAAAAAwAIAAAAAAAAsAAAAAAAAAPACAAAAAAAAJAAAAAAAAAAYAwAAAAAAAAIAAAAAAAAAIAMAAAAAAAAsAAAAAAAAAFADAAAAAAAADAAAAAAAAABgAwAAAAAAAAIAAAAAAAAAaAMAAAAAAAAsAAAAAAAAAJgDAAAAAAAAAAAAAAAAAACYAwAAAAAAAAIAAAAAAAAAoAMAAAAAAAAsAAAAAAAAANADAAAAAAAAJAAAAAAAAAD4AwAAAAAAAAAAAAAAAAAA+AMAAAAAAAAsAAAAAAAAACgEAAAAAAAAWgAAAAAAAACIBAAAAAAAAAAAAAAAAAAAiAQAAAAAAAAsAAAAAAAAALgEAAAAAAAAoAAAAAAAAABYBQAAAAAAAAAAAAAAAAAAWAUAAAAAAAAsAAAAAAAAAIgFAAAAAAAA5gAAAAAAAABwBgAAAAAAAAIAAAAAAAAAeAYAAAAAAAAsAAAAAAAAAKgGAAAAAAAAKAAAAAAAAADQBgAAAAAAAAAAAAAAAAAA0AYAAAAAAAAsAAAAAAAAAAAHAAAAAAAAlwAAAAAAAACYBwAAAAAAAAAAAAAAAAAAmAcAAAAAAABQAAAAAAAAAOgHAAAAAAAABAAAAAAAAADwBwAAAAAAAFAAAAAAAAAAQAgAAAAAAAAEAAAAAAAAAEgIAAAAAAAAUAAAAAAAAACYCAAAAAAAAAIAAAAAAAAAoAgAAAAAAAAsAAAAAAAAANAIAAAAAAAAOQAAAAAAAAAAAAAAEQAAAAoAAAAAAAAAAAAAAAAAAAAKAAAAAAAAAAAAAAAAAAAACgAAAAAAAAAKAAAAAAAAAAoAAAAAAAAAAAAAAAAAAAAKAAAAAAAAAAQAAAAAAAAACgAAAAAAAAAGAAAAAAAAAAoAAAAAAAAACgAAAAAAAAAKAAAAAAAAAAQAAAAAAAAACgAAAAAAAAAAAAAAAAAAAAoAAAAAAAAAAAAAAAAAAAAKAAAAAAAAAAAAAAAAAAAACgAAAAAAAAAGAAAAAAAAAAoAAAAAAAAAAAAAAAAAAAAKAAAAAAAAAAAAAAAAAAAACgAAAAAAAAAGAAAAAAAAAAoAAAAAAAAABwAAAAAAAAAKAAAAAAAAAAcAAAAAAAAAAAAAAAsAAAAWAAAAIQAAACwAAAA3AAAAQgAAAE0AAABYAAAAYwAAAG4AAAAAAAAAdXMtd2VzdC0yLTN1cy13ZXN0LTItM3VzLXdlc3QtMi0zdXMtd2VzdC0yLTN1cy13ZXN0LTItM3VzLXdlc3QtMi0zdXMtd2VzdC0yLTN1cy13ZXN0LTItM3VzLXdlc3QtMi0zdXMtd2VzdC0yLTMAAAAAAAAEAAAACAAAAAwAAAAQAAAAFAAAABgAAAAcAAAAIAAAACQAAAAoAAAAAAAAAHpldXN6ZXVzemV1c3pldXN6ZXVzemV1c3pldXN6ZXVzemV1c3pldXMAAAAAAAAAAAAAAAAAAAAAAAAAAAAAAAAAAAAAAAAAAAAAAAAAAAAAAAAAAAAAAAAAAAAAAAAAAAAAAAAiAAAARAAAAGYAAACIAAAAqgAAAMwAAADuAAAAEAEAADIBAABUAQAAAAAAAGktQVVhMDBadDItemV1cy0wMDE0LmFtYXpvbmF3cy5jb21pLUFVYTAwWnQyLXpldXMtMDAxNC5hbWF6b25hd3MuY29taS1BVWEwMFp0Mi16ZXVzLTAwMTQuYW1hem9uYXdzLmNvbWktQVVhMDBadDItemV1cy0wMDE0LmFtYXpvbmF3cy5jb21pLUFVYTAwWnQyLXpldXMtMDAxNC5hbWF6b25hd3MuY29taS1BVWEwMFp0Mi16ZXVzLTAwMTQuYW1hem9uYXdzLmNvbWktQVVhMDBadDItemV1cy0wMDE0LmFtYXpvbmF3cy5jb21pLUFVYTAwWnQyLXpldXMtMDAxNC5hbWF6b25hd3MuY29taS1BVWEwMFp0Mi16ZXVzLTAwMTQuYW1hem9uYXdzLmNvbWktQVVhMDBadDItemV1cy0wMDE0LmFtYXpvbmF3cy5jb20AAAAAPwAAAAAAAAAAAAAABgAAAAwAAAASAAAAGAAAAB4AAAAkAAAAJAAAACQAAAAkAAAAJAAAAAAAAABzZXJ2ZXJzZXJ2ZXJzZXJ2ZXJzZXJ2ZXJzZXJ2ZXJzZXJ2ZXIAAAAAwAMAAAAAAAAAAAAAAAAAAAAAAAAAAAAAAAAAAAAAAAAAAAAAAwAAAAYAAAAJAAAADAAAAAAAAABBTDJBTDJBTDJBTDIAAAAAAAAAAAAAAAAAAAAAAAAAAAAAAAAAAAAAAAAAAAAAAAAAAAAAAAAAAAAAAAAAAAAAAAAAAAAAAAA/AAAAAAAAAAAAAAAGAAAADAAAABIAAAAYAAAAHgAAACQAAAAkAAAAJAAAACQAAAAkAAAAAAAAAEpES18xMUpES18xMUpES18xMUpES18xMUpES18xMUpES18xMQAAAAAAAAAACQAAABIAAAAbAAAAJAAAAC0AAAA2AAAAPwAAAEgAAABRAAAAWgAAAAAAAAB1cy13ZXN0LTJ1cy13ZXN0LTJ1cy13ZXN0LTJ1cy13ZXN0LTJ1cy13ZXN0LTJ1cy13ZXN0LTJ1cy13ZXN0LTJ1cy13ZXN0LTJ1cy13ZXN0LTJ1cy13ZXN0LTIAAAAAAAAAAAAAEAAAACAAAAAwAAAAQAAAAFAAAABgAAAAcAAAAIAAAACQAAAAoAAAAAAAAAB1cy13ZXN0LTItY2VsbC0ydXMtd2VzdC0yLWNlbGwtMnVzLXdlc3QtMi1jZWxsLTJ1cy13ZXN0LTItY2VsbC0ydXMtd2VzdC0yLWNlbGwtMnVzLXdlc3QtMi1jZWxsLTJ1cy13ZXN0LTItY2VsbC0ydXMtd2VzdC0yLWNlbGwtMnVzLXdlc3QtMi1jZWxsLTJ1cy13ZXN0LTItY2VsbC0yAAAAABcAAAAuAAAARQAAAFwAAABzAAAAigAAAKEAAAC4AAAAzwAAAOYAAAAAAAAAdXMtd2VzdC0yLWNlbGwtMi1zaWxvLTJ1cy13ZXN0LTItY2VsbC0yLXNpbG8tMnVzLXdlc3QtMi1jZWxsLTItc2lsby0ydXMtd2VzdC0yLWNlbGwtMi1zaWxvLTJ1cy13ZXN0LTItY2VsbC0yLXNpbG8tMnVzLXdlc3QtMi1jZWxsLTItc2lsby0ydXMtd2VzdC0yLWNlbGwtMi1zaWxvLTJ1cy13ZXN0LTItY2VsbC0yLXNpbG8tMnVzLXdlc3QtMi1jZWxsLTItc2lsby0ydXMtd2VzdC0yLWNlbGwtMi1zaWxvLTIAAMADAAAAAAAAAAAAAAAAAAAAAAAAAAAAAAAAAAAAAAAAAAAAAAoAAAAUAAAAHgAAACgAAAAAAAAAbTUuNHhsYXJnZW01LjR4bGFyZ2VtNS40eGxhcmdlbTUuNHhsYXJnZQAAAAAOAAAAHAAAACoAAAA4AAAARgAAAFQAAABlAAAAdgAAAIcAAACXAAAAAAAAAHRhc2tfZW5kX3N0YXRldGFza19lbmRfc3RhdGV0YXNrX2VuZF9zdGF0ZXRhc2tfY29tcGxldGVkdGFza19jb21wbGV0ZWR0YXNrX2NvbXBsZXRlZG5ldHdvcmtfYnl0ZXNfb3V0bmV0d29ya19ieXRlc19vdXRuZXR3b3JrX2J5dGVzX291dG5ldHdvcmtfYnl0ZXNfaW4AAMQdW79mfBYAVBdGBGd8FgD+gUlLZ3wWAMQdW79mfBYAVBdGBGd8FgD+gUlLZ3wWAMQdW79mfBYAVBdGBGd8FgD+gUlLZ3wWAMQdW79mfBbAAwAAAAAAAAAAAAAAAAAAAAAAAAAAAAAAAAAAAAAAAAAAAAAAAAAAAAAAAAAAAAAAAAAAAAAAAOorEbLHHURAjj1y3+6sK0DGkTNkvgxSQPaJ7V8VGDtAOAAAAAAAAAAAAAAAAAAAAAAAAAAAAAAAAAAAAAAAAADfAAAAAAAAALkBAAAAAAAAawAAAAAAAAAAAAAAAAAAAAAAAAAAAAAAAAAAAAAAAAAAAAAAAAAAAAcAAAAAAAAAAAAAABMAAAAmAAAAOQAAADkAAAA5AAAAOQAAADkAAAA5AAAAOQAAADkAAAAAAAAAU1VDQ0VTU19XSVRIX1JFU1VMVFNVQ0NFU1NfV0lUSF9SRVNVTFRTVUNDRVNTX1dJVEhfUkVTVUxUAAAAAAAAABAAAAAMABQAEgAMAAgABAAMAAAAEAAAACwAAAA8AAAAAAAEAAEAAADwBwAAAAAAAHAEAAAAAAAAEAkAAAAAAAAAAAAAAAAAAAAAAAAAAAoADAAAAAgABAAKAAAACAAAAHQAAAADAAAATAAAACgAAAAEAAAAwPj//wgAAAAMAAAAAAAAAAAAAAAFAAAAcmVmSWQAAADg+P//CAAAAAwAAAAAAAAAAAAAAAQAAABuYW1lAAAAAAD5//8IAAAADAAAAAIAAAB7fQAABAAAAG1ldGEAAAAAEQAAALwGAAA4BgAA1AUAAGgFAAD8BAAAmAQAAEQEAADgAwAAhAMAACgDAADMAgAAYAIAAPQBAACMAQAADAEAAIAAAAAEAAAAmvn//xQAAABMAAAATAAAAAAABQFIAAAAAQAAAAQAAACI+f//CAAAACAAAAAWAAAAbWVhc3VyZV92YWx1ZTo6dmFyY2hhcgAABAAAAG5hbWUAAAAAAAAAAIT5//8WAAAAbWVhc3VyZV92YWx1ZTo6dmFyY2hhcgAAEvr//xQAAABMAAAAVAAAAAAAAgFYAAAAAQAAAAQAAAAA+v//CAAAACAAAAAVAAAAbWVhc3VyZV92YWx1ZTo6YmlnaW50AAAABAAAAG5hbWUAAAAAAAAAAAgADAAIAAcACAAAAAAAAAFAAAAAFQAAAG1lYXN1cmVfdmFsdWU6OmJpZ2ludAAAAJr6//8UAAAATAAAAEwAAAAAAAMBTAAAAAEAAAAEAAAAiPr//wgAAAAgAAAAFQAAAG1lYXN1cmVfdmFsdWU6OmRvdWJsZQAAAAQAAABuYW1lAAAAAAAAAACS////AAACABUAAABtZWFzdXJlX3ZhbHVlOjpkb3VibGUAAAAW+///FAAAADwAAABEAAAAAAAKAUQAAAABAAAABAAAAAT7//8IAAAAEAAAAAQAAAB0aW1lAAAAAAQAAABuYW1lAAAAAAAAAAAAAAYACAAGAAYAAAAAAAMABAAAAHRpbWUAAAAAevv//xQAAABEAAAARAAAAAAABQFAAAAAAQAAAAQAAABo+///CAAAABgAAAAMAAAAbWVhc3VyZV9uYW1lAAAAAAQAAABuYW1lAAAAAAAAAABc+///DAAAAG1lYXN1cmVfbmFtZQAAAADi+///FAAAAEQAAABEAAAAAAAFAUAAAAABAAAABAAAAND7//8IAAAAGAAAAA0AAABpbnN0YW5jZV90eXBlAAAABAAAAG5hbWUAAAAAAAAAAMT7//8NAAAAaW5zdGFuY2VfdHlwZQAAAEr8//8UAAAAPAAAADwAAAAAAAUBOAAAAAEAAAAEAAAAOPz//wgAAAAQAAAABAAAAHNpbG8AAAAABAAAAG5hbWUAAAAAAAAAACT8//8EAAAAc2lsbwAAAACi/P//FAAAADwAAAA8AAAAAAAFATgAAAABAAAABAAAAJD8//8IAAAAEAAAAAQAAABjZWxsAAAAAAQAAABuYW1lAAAAAAAAAAB8/P//BAAAAGNlbGwAAAAA+vz//xQAAAA8AAAAPAAAAAAABQE4AAAAAQAAAAQAAADo/P//CAAAABAAAAAGAAAAcmVnaW9uAAAEAAAAbmFtZQAAAAAAAAAA1Pz//wYAAAByZWdpb24AAFL9//8UAAAAQAAAAEAAAAAAAAUBPAAAAAEAAAAEAAAAQP3//wgAAAAUAAAACwAAAGpka192ZXJzaW9uAAQAAABuYW1lAAAAAAAAAAAw/f//CwAAAGpka192ZXJzaW9uALL9//8UAAAAOAAAADgAAAAAAAUBNAAAAAEAAAAEAAAAoP3//wgAAAAMAAAAAgAAAGF6AAAEAAAAbmFtZQAAAAAAAAAAiP3//wIAAABhegAAAv7//xQAAABAAAAAQAAAAAAABQE8AAAAAQAAAAQAAADw/f//CAAAABQAAAAKAAAAb3NfdmVyc2lvbgAABAAAAG5hbWUAAAAAAAAAAOD9//8KAAAAb3NfdmVyc2lvbgAAYv7//xQAAABEAAAARAAAAAAABQFAAAAAAQAAAAQAAABQ/v//CAAAABgAAAAMAAAAcHJvY2Vzc19uYW1lAAAAAAQAAABuYW1lAAAAAAAAAABE/v//DAAAAHByb2Nlc3NfbmFtZQAAAADK/v//FAAAAEQAAABEAAAAAAAFAUAAAAABAAAABAAAALj+//8IAAAAGAAAAA0AAABpbnN0YW5jZV9uYW1lAAAABAAAAG5hbWUAAAAAAAAAAKz+//8NAAAAaW5zdGFuY2VfbmFtZQAAADL///8UAAAAQAAAAEAAAAAAAAUBPAAAAAEAAAAEAAAAIP///wgAAAAUAAAACAAAAGhvc3RuYW1lAAAAAAQAAABuYW1lAAAAAAAAAAAQ////CAAAAGhvc3RuYW1lAAAAAJL///8UAAAASAAAAEgAAAAAAAUBRAAAAAEAAAAEAAAAgP///wgAAAAcAAAAEQAAAG1pY3Jvc2VydmljZV9uYW1lAAAABAAAAG5hbWUAAAAAAAAAAHj///8RAAAAbWljcm9zZXJ2aWNlX25hbWUAEgAYABQAEwASAAwAAAAIAAQAEgAAABQAAABQAAAAVAAAAAAABQFQAAAAAQAAAAwAAAAIAAwACAAEAAgAAAAIAAAAHAAAABEAAABhdmFpbGFiaWxpdHlfem9uZQAAAAQAAABuYW1lAAAAAAAAAAAEAAQABAAAABEAAABhdmFpbGFiaWxpdHlfem9uZQAAABAIAABBUlJPVzE=
