ðŸŒŸ This was machine generated.  Do not edit. ðŸŒŸ

Frame[0] {}
Name: 
Dimensions: 2 Fields by 10 Rows
+--------------------+-------------------------------+
| Name: measure_name | Name: _col1                   |
| Labels:            | Labels:                       |
| Type: []*string    | Type: []time.Time             |
+--------------------+-------------------------------+
| task_end_state     | 2021-04-12 15:08:56 +0000 UTC |
| network_bytes_out  | 2021-03-21 21:16:49 +0000 UTC |
| network_bytes_out  | 2021-03-21 21:23:40 +0000 UTC |
| task_end_state     | 2021-03-21 21:10:08 +0000 UTC |
| task_end_state     | 2021-03-21 21:16:49 +0000 UTC |
| task_end_state     | 2021-03-21 21:23:40 +0000 UTC |
| task_completed     | 0001-01-01 00:00:00 +0000 UTC |
| task_completed     | 0001-01-01 00:00:00 +0000 UTC |
| task_completed     | 0001-01-01 00:00:00 +0000 UTC |
| network_bytes_out  | 2021-03-21 21:10:08 +0000 UTC |
+--------------------+-------------------------------+


====== TEST DATA RESPONSE (arrow base64) ======
FRAME=QVJST1cxAAD/////sAEAABAAAAAAAAoADgAMAAsABAAKAAAAFAAAAAAAAAEEAAoADAAAAAgABAAKAAAACAAAAHQAAAADAAAATAAAACgAAAAEAAAA7P7//wgAAAAMAAAAAAAAAAAAAAAFAAAAcmVmSWQAAAAM////CAAAAAwAAAAAAAAAAAAAAAQAAABuYW1lAAAAACz///8IAAAADAAAAAIAAAB7fQAABAAAAG1ldGEAAAAAAgAAAJAAAAAYAAAAAAASABgAFAAAABMADAAAAAgABAASAAAAFAAAADwAAABEAAAAAAAACkQAAAABAAAABAAAAIz///8IAAAAEAAAAAUAAABfY29sMQAAAAQAAABuYW1lAAAAAAAAAAAAAAYACAAGAAYAAAAAAAMABQAAAF9jb2wxABIAGAAUABMAEgAMAAAACAAEABIAAAAUAAAATAAAAFAAAAAAAAUBTAAAAAEAAAAMAAAACAAMAAgABAAIAAAACAAAABgAAAAMAAAAbWVhc3VyZV9uYW1lAAAAAAQAAABuYW1lAAAAAAAAAAAEAAQABAAAAAwAAABtZWFzdXJlX25hbWUAAAAAAAAAAP/////IAAAAFAAAAAAAAAAMABYAFAATAAwABAAMAAAAGAEAAAAAAAAUAAAAAAAAAwQACgAYAAwACAAEAAoAAAAUAAAAaAAAAAoAAAAAAAAAAAAAAAUAAAAAAAAAAAAAAAAAAAAAAAAAAAAAAAAAAAAsAAAAAAAAADAAAAAAAAAAlQAAAAAAAADIAAAAAAAAAAAAAAAAAAAAyAAAAAAAAABQAAAAAAAAAAAAAAACAAAACgAAAAAAAAAAAAAAAAAAAAoAAAAAAAAAAAAAAAAAAAAAAAAADgAAAB8AAAAwAAAAPgAAAEwAAABaAAAAaAAAAHYAAACEAAAAlQAAAAAAAAB0YXNrX2VuZF9zdGF0ZW5ldHdvcmtfYnl0ZXNfb3V0bmV0d29ya19ieXRlc19vdXR0YXNrX2VuZF9zdGF0ZXRhc2tfZW5kX3N0YXRldGFza19lbmRfc3RhdGV0YXNrX2NvbXBsZXRlZHRhc2tfY29tcGxldGVkdGFza19jb21wbGV0ZWRuZXR3b3JrX2J5dGVzX291dAAAAABQj3PUJHUWAEoYPCN4bhYAmJrtgnhuFgDgod7Fd24WAEoYPCN4bhYAmJrtgnhuFgAAGj3rA7KhAAAaPesDsqEAABo96wOyoQDgod7Fd24WEAAAAAwAFAASAAwACAAEAAwAAAAQAAAALAAAADgAAAAAAAQAAQAAAMABAAAAAAAA0AAAAAAAAAAYAQAAAAAAAAAAAAAAAAAAAAAKAAwAAAAIAAQACgAAAAgAAAB0AAAAAwAAAEwAAAAoAAAABAAAAOz+//8IAAAADAAAAAAAAAAAAAAABQAAAHJlZklkAAAADP///wgAAAAMAAAAAAAAAAAAAAAEAAAAbmFtZQAAAAAs////CAAAAAwAAAACAAAAe30AAAQAAABtZXRhAAAAAAIAAACQAAAAGAAAAAAAEgAYABQAAAATAAwAAAAIAAQAEgAAABQAAAA8AAAARAAAAAAAAApEAAAAAQAAAAQAAACM////CAAAABAAAAAFAAAAX2NvbDEAAAAEAAAAbmFtZQAAAAAAAAAAAAAGAAgABgAGAAAAAAADAAUAAABfY29sMQASABgAFAATABIADAAAAAgABAASAAAAFAAAAEwAAABQAAAAAAAFAUwAAAABAAAADAAAAAgADAAIAAQACAAAAAgAAAAYAAAADAAAAG1lYXN1cmVfbmFtZQAAAAAEAAAAbmFtZQAAAAAAAAAABAAEAAQAAAAMAAAAbWVhc3VyZV9uYW1lAAAAANgBAABBUlJPVzE=
