ðŸŒŸ This was machine generated.  Do not edit. ðŸŒŸ

Frame[0] {}
Name: 
Dimensions: 1 Fields by 2 Rows
+-----------------+
| Name: Table     |
| Labels:         |
| Type: []*string |
+-----------------+
| DevOps          |
| IoT             |
+-----------------+


====== TEST DATA RESPONSE (arrow base64) ======
FRAME=QVJST1cxAAD/////KAEAABAAAAAAAAoADgAMAAsABAAKAAAAFAAAAAAAAAEDAAoADAAAAAgABAAKAAAACAAAAHQAAAADAAAATAAAACgAAAAEAAAAZP///wgAAAAMAAAAAAAAAAAAAAAFAAAAcmVmSWQAAACE////CAAAAAwAAAAAAAAAAAAAAAQAAABuYW1lAAAAAKT///8IAAAADAAAAAIAAAB7fQAABAAAAG1ldGEAAAAAAQAAABgAAAAAABIAGAAUABMAEgAMAAAACAAEABIAAAAUAAAARAAAAEgAAAAAAAUBRAAAAAEAAAAMAAAACAAMAAgABAAIAAAACAAAABAAAAAFAAAAVGFibGUAAAAEAAAAbmFtZQAAAAAAAAAABAAEAAQAAAAFAAAAVGFibGUAAAAAAAAA/////5gAAAAUAAAAAAAAAAwAFgAUABMADAAEAAwAAAAgAAAAAAAAABQAAAAAAAADAwAKABgADAAIAAQACgAAABQAAABIAAAAAgAAAAAAAAAAAAAAAwAAAAAAAAAAAAAAAAAAAAAAAAAAAAAAAAAAABAAAAAAAAAAEAAAAAAAAAAQAAAAAAAAAAAAAAABAAAAAgAAAAAAAAAAAAAAAAAAAAAAAAAGAAAACQAAAAAAAABEZXZPcHNJb1QAAAAAAAAAEAAAAAwAFAASAAwACAAEAAwAAAAQAAAALAAAADgAAAAAAAMAAQAAADgBAAAAAAAAoAAAAAAAAAAgAAAAAAAAAAAAAAAAAAAAAAAKAAwAAAAIAAQACgAAAAgAAAB0AAAAAwAAAEwAAAAoAAAABAAAAGT///8IAAAADAAAAAAAAAAAAAAABQAAAHJlZklkAAAAhP///wgAAAAMAAAAAAAAAAAAAAAEAAAAbmFtZQAAAACk////CAAAAAwAAAACAAAAe30AAAQAAABtZXRhAAAAAAEAAAAYAAAAAAASABgAFAATABIADAAAAAgABAASAAAAFAAAAEQAAABIAAAAAAAFAUQAAAABAAAADAAAAAgADAAIAAQACAAAAAgAAAAQAAAABQAAAFRhYmxlAAAABAAAAG5hbWUAAAAAAAAAAAQABAAEAAAABQAAAFRhYmxlAAAAUAEAAEFSUk9XMQ==
