ðŸŒŸ This was machine generated.  Do not edit. ðŸŒŸ

Frame[0] {}
Name: 
Dimensions: 1 Fields by 1 Rows
+-----------------+
| Name: Database  |
| Labels:         |
| Type: []*string |
+-----------------+
| grafanaDB       |
+-----------------+


====== TEST DATA RESPONSE (arrow base64) ======
FRAME=QVJST1cxAAD/////MAEAABAAAAAAAAoADgAMAAsABAAKAAAAFAAAAAAAAAEDAAoADAAAAAgABAAKAAAACAAAAHQAAAADAAAATAAAACgAAAAEAAAAZP///wgAAAAMAAAAAAAAAAAAAAAFAAAAcmVmSWQAAACE////CAAAAAwAAAAAAAAAAAAAAAQAAABuYW1lAAAAAKT///8IAAAADAAAAAIAAAB7fQAABAAAAG1ldGEAAAAAAQAAABgAAAAAABIAGAAUABMAEgAMAAAACAAEABIAAAAUAAAASAAAAEwAAAAAAAUBSAAAAAEAAAAMAAAACAAMAAgABAAIAAAACAAAABQAAAAIAAAARGF0YWJhc2UAAAAABAAAAG5hbWUAAAAAAAAAAAQABAAEAAAACAAAAERhdGFiYXNlAAAAAAAAAAD/////mAAAABQAAAAAAAAADAAWABQAEwAMAAQADAAAABgAAAAAAAAAFAAAAAAAAAMDAAoAGAAMAAgABAAKAAAAFAAAAEgAAAABAAAAAAAAAAAAAAADAAAAAAAAAAAAAAAAAAAAAAAAAAAAAAAAAAAACAAAAAAAAAAIAAAAAAAAABAAAAAAAAAAAAAAAAEAAAABAAAAAAAAAAAAAAAAAAAAAAAAAAkAAABncmFmYW5hREIAAAAAAAAAEAAAAAwAFAASAAwACAAEAAwAAAAQAAAALAAAADgAAAAAAAMAAQAAAEABAAAAAAAAoAAAAAAAAAAYAAAAAAAAAAAAAAAAAAAAAAAKAAwAAAAIAAQACgAAAAgAAAB0AAAAAwAAAEwAAAAoAAAABAAAAGT///8IAAAADAAAAAAAAAAAAAAABQAAAHJlZklkAAAAhP///wgAAAAMAAAAAAAAAAAAAAAEAAAAbmFtZQAAAACk////CAAAAAwAAAACAAAAe30AAAQAAABtZXRhAAAAAAEAAAAYAAAAAAASABgAFAATABIADAAAAAgABAASAAAAFAAAAEgAAABMAAAAAAAFAUgAAAABAAAADAAAAAgADAAIAAQACAAAAAgAAAAUAAAACAAAAERhdGFiYXNlAAAAAAQAAABuYW1lAAAAAAAAAAAEAAQABAAAAAgAAABEYXRhYmFzZQAAAABYAQAAQVJST1cx
