ðŸŒŸ This was machine generated.  Do not edit. ðŸŒŸ

Frame[0] {}
Name: 
Dimensions: 2 Fields by 10 Rows
+-------------------------------+-----------------------------------------------------------------------------------------------------------------------------------------------------------------------------------------------------------------------------------------------------+
| Name: time                    | Name: gc_reclaimed                                                                                                                                                                                                                                  |
| Labels:                       | Labels: availability_zone=ap-northeast-1-3, cell=ap-northeast-1-cell-5, instance_name=i-AUa00Zt2-zeus-0005.amazonaws.com, jdk_version=JDK_11, microservice_name=zeus, process_name=server, region=ap-northeast-1, silo=ap-northeast-1-cell-5-silo-2 |
| Type: []time.Time             | Type: []*float64                                                                                                                                                                                                                                    |
+-------------------------------+-----------------------------------------------------------------------------------------------------------------------------------------------------------------------------------------------------------------------------------------------------+
| 2022-09-20 12:37:53 +0000 UTC | 34.840635191284385                                                                                                                                                                                                                                  |
| 2022-09-20 12:43:29 +0000 UTC | 82.25503246465323                                                                                                                                                                                                                                   |
| 2022-09-20 12:49:05 +0000 UTC | 82.39651900702837                                                                                                                                                                                                                                   |
| 2022-09-20 12:54:40 +0000 UTC | 69.2694600635743                                                                                                                                                                                                                                    |
| 2022-09-20 13:00:18 +0000 UTC | 35.31082424603785                                                                                                                                                                                                                                   |
| 2022-09-20 13:06:05 +0000 UTC | 76.69083525084362                                                                                                                                                                                                                                   |
| 2022-09-20 13:11:33 +0000 UTC | 92.67047538997501                                                                                                                                                                                                                                   |
| 2022-09-20 13:17:09 +0000 UTC | 79.12036786567657                                                                                                                                                                                                                                   |
| 2022-09-20 13:22:48 +0000 UTC | 73.94712274403054                                                                                                                                                                                                                                   |
| 2022-09-20 13:28:31 +0000 UTC | 91.00165326592871                                                                                                                                                                                                                                   |
+-------------------------------+-----------------------------------------------------------------------------------------------------------------------------------------------------------------------------------------------------------------------------------------------------+



Frame[1] 
Name: 
Dimensions: 2 Fields by 10 Rows
+-------------------------------+-----------------------------------------------------------------------------------------------------------------------------------------------------------------------------------------------------------------------------------------------------+
| Name: time                    | Name: gc_reclaimed                                                                                                                                                                                                                                  |
| Labels:                       | Labels: availability_zone=ap-northeast-1-3, cell=ap-northeast-1-cell-5, instance_name=i-AUa00Zt2-zeus-0014.amazonaws.com, jdk_version=JDK_11, microservice_name=zeus, process_name=server, region=ap-northeast-1, silo=ap-northeast-1-cell-5-silo-2 |
| Type: []time.Time             | Type: []*float64                                                                                                                                                                                                                                    |
+-------------------------------+-----------------------------------------------------------------------------------------------------------------------------------------------------------------------------------------------------------------------------------------------------+
| 2022-09-20 12:37:53 +0000 UTC | 64.92270552755501                                                                                                                                                                                                                                   |
| 2022-09-20 12:43:29 +0000 UTC | 48.42796733448987                                                                                                                                                                                                                                   |
| 2022-09-20 12:49:05 +0000 UTC | 59.57236982998175                                                                                                                                                                                                                                   |
| 2022-09-20 12:54:40 +0000 UTC | 46.25264613251597                                                                                                                                                                                                                                   |
| 2022-09-20 13:00:18 +0000 UTC | 47.22139587055133                                                                                                                                                                                                                                   |
| 2022-09-20 13:06:05 +0000 UTC | 29.236746577756367                                                                                                                                                                                                                                  |
| 2022-09-20 13:11:33 +0000 UTC | 78.3431042705222                                                                                                                                                                                                                                    |
| 2022-09-20 13:17:09 +0000 UTC | 20.805032894840913                                                                                                                                                                                                                                  |
| 2022-09-20 13:22:48 +0000 UTC | 93.07081517567251                                                                                                                                                                                                                                   |
| 2022-09-20 13:28:31 +0000 UTC | 71.43863457852687                                                                                                                                                                                                                                   |
+-------------------------------+-----------------------------------------------------------------------------------------------------------------------------------------------------------------------------------------------------------------------------------------------------+



Frame[2] 
Name: 
Dimensions: 2 Fields by 10 Rows
+-------------------------------+-----------------------------------------------------------------------------------------------------------------------------------------------------------------------------------------------------------------------------------------------------+
| Name: time                    | Name: gc_reclaimed                                                                                                                                                                                                                                  |
| Labels:                       | Labels: availability_zone=ap-northeast-1-3, cell=ap-northeast-1-cell-5, instance_name=i-AUa00Zt2-zeus-0002.amazonaws.com, jdk_version=JDK_11, microservice_name=zeus, process_name=server, region=ap-northeast-1, silo=ap-northeast-1-cell-5-silo-2 |
| Type: []time.Time             | Type: []*float64                                                                                                                                                                                                                                    |
+-------------------------------+-----------------------------------------------------------------------------------------------------------------------------------------------------------------------------------------------------------------------------------------------------+
| 2022-09-20 12:37:53 +0000 UTC | 86.29417230116428                                                                                                                                                                                                                                   |
| 2022-09-20 12:43:29 +0000 UTC | 93.15341540239037                                                                                                                                                                                                                                   |
| 2022-09-20 12:49:05 +0000 UTC | 88.89473846655571                                                                                                                                                                                                                                   |
| 2022-09-20 12:54:40 +0000 UTC | 77.97777773681803                                                                                                                                                                                                                                   |
| 2022-09-20 13:00:18 +0000 UTC | 30.67455706741111                                                                                                                                                                                                                                   |
| 2022-09-20 13:06:05 +0000 UTC | 16.449437575034842                                                                                                                                                                                                                                  |
| 2022-09-20 13:11:33 +0000 UTC | 49.28453073853994                                                                                                                                                                                                                                   |
| 2022-09-20 13:17:09 +0000 UTC | 49.13583672633695                                                                                                                                                                                                                                   |
| 2022-09-20 13:22:48 +0000 UTC | 27.662341566599835                                                                                                                                                                                                                                  |
| 2022-09-20 13:28:31 +0000 UTC | 9.049473758018301                                                                                                                                                                                                                                   |
+-------------------------------+-----------------------------------------------------------------------------------------------------------------------------------------------------------------------------------------------------------------------------------------------------+



Frame[3] 
Name: 
Dimensions: 2 Fields by 10 Rows
+-------------------------------+-----------------------------------------------------------------------------------------------------------------------------------------------------------------------------------------------------------------------------------------------------+
| Name: time                    | Name: gc_reclaimed                                                                                                                                                                                                                                  |
| Labels:                       | Labels: availability_zone=ap-northeast-1-3, cell=ap-northeast-1-cell-5, instance_name=i-AUa00Zt2-zeus-0008.amazonaws.com, jdk_version=JDK_11, microservice_name=zeus, process_name=server, region=ap-northeast-1, silo=ap-northeast-1-cell-5-silo-2 |
| Type: []time.Time             | Type: []*float64                                                                                                                                                                                                                                    |
+-------------------------------+-----------------------------------------------------------------------------------------------------------------------------------------------------------------------------------------------------------------------------------------------------+
| 2022-09-20 12:37:53 +0000 UTC | 69.7916427999                                                                                                                                                                                                                                       |
| 2022-09-20 12:43:29 +0000 UTC | 61.041596265532974                                                                                                                                                                                                                                  |
| 2022-09-20 12:49:05 +0000 UTC | 19.977611363370016                                                                                                                                                                                                                                  |
| 2022-09-20 12:54:40 +0000 UTC | 35.80816976300972                                                                                                                                                                                                                                   |
| 2022-09-20 13:00:18 +0000 UTC | 21.458209343712287                                                                                                                                                                                                                                  |
| 2022-09-20 13:06:05 +0000 UTC | 32.12840876994124                                                                                                                                                                                                                                   |
| 2022-09-20 13:11:33 +0000 UTC | 47.48623031287168                                                                                                                                                                                                                                   |
| 2022-09-20 13:17:09 +0000 UTC | 80.87016460909011                                                                                                                                                                                                                                   |
| 2022-09-20 13:22:48 +0000 UTC | 38.20926388063337                                                                                                                                                                                                                                   |
| 2022-09-20 13:28:31 +0000 UTC | 89.44170926166811                                                                                                                                                                                                                                   |
+-------------------------------+-----------------------------------------------------------------------------------------------------------------------------------------------------------------------------------------------------------------------------------------------------+



Frame[4] 
Name: 
Dimensions: 2 Fields by 10 Rows
+-------------------------------+-----------------------------------------------------------------------------------------------------------------------------------------------------------------------------------------------------------------------------------------------------+
| Name: time                    | Name: gc_reclaimed                                                                                                                                                                                                                                  |
| Labels:                       | Labels: availability_zone=ap-northeast-1-3, cell=ap-northeast-1-cell-5, instance_name=i-AUa00Zt2-zeus-0011.amazonaws.com, jdk_version=JDK_11, microservice_name=zeus, process_name=server, region=ap-northeast-1, silo=ap-northeast-1-cell-5-silo-2 |
| Type: []time.Time             | Type: []*float64                                                                                                                                                                                                                                    |
+-------------------------------+-----------------------------------------------------------------------------------------------------------------------------------------------------------------------------------------------------------------------------------------------------+
| 2022-09-20 12:37:53 +0000 UTC | 14.933511804259092                                                                                                                                                                                                                                  |
| 2022-09-20 12:43:29 +0000 UTC | 54.922309961519524                                                                                                                                                                                                                                  |
| 2022-09-20 12:49:05 +0000 UTC | 76.73002975850517                                                                                                                                                                                                                                   |
| 2022-09-20 12:54:40 +0000 UTC | 17.03451959690233                                                                                                                                                                                                                                   |
| 2022-09-20 13:00:18 +0000 UTC | 66.71820061060468                                                                                                                                                                                                                                   |
| 2022-09-20 13:06:05 +0000 UTC | 93.00042358481086                                                                                                                                                                                                                                   |
| 2022-09-20 13:11:33 +0000 UTC | 31.814588129185505                                                                                                                                                                                                                                  |
| 2022-09-20 13:17:09 +0000 UTC | 3.8540740897359815                                                                                                                                                                                                                                  |
| 2022-09-20 13:22:48 +0000 UTC | 63.065066525614476                                                                                                                                                                                                                                  |
| 2022-09-20 13:28:31 +0000 UTC | 52.66047104511027                                                                                                                                                                                                                                   |
+-------------------------------+-----------------------------------------------------------------------------------------------------------------------------------------------------------------------------------------------------------------------------------------------------+


====== TEST DATA RESPONSE (arrow base64) ======
FRAME=QVJST1cxAAD/////2AIAABAAAAAAAAoADgAMAAsABAAKAAAAFAAAAAAAAAEEAAoADAAAAAgABAAKAAAACAAAAHQAAAADAAAATAAAACgAAAAEAAAAvP3//wgAAAAMAAAAAAAAAAAAAAAFAAAAcmVmSWQAAADc/f//CAAAAAwAAAAAAAAAAAAAAAQAAABuYW1lAAAAAPz9//8IAAAADAAAAAIAAAB7fQAABAAAAG1ldGEAAAAAAgAAAMABAAAYAAAAAAASABgAFAATABIADAAAAAgABAASAAAAFAAAAGwBAABsAQAAAAADAWwBAAACAAAANAAAAAQAAABg/v//CAAAABgAAAAMAAAAZ2NfcmVjbGFpbWVkAAAAAAQAAABuYW1lAAAAAIz+//8IAAAAEAEAAAYBAAB7ImF2YWlsYWJpbGl0eV96b25lIjoiYXAtbm9ydGhlYXN0LTEtMyIsImNlbGwiOiJhcC1ub3J0aGVhc3QtMS1jZWxsLTUiLCJpbnN0YW5jZV9uYW1lIjoiaS1BVWEwMFp0Mi16ZXVzLTAwMDUuYW1hem9uYXdzLmNvbSIsImpka192ZXJzaW9uIjoiSkRLXzExIiwibWljcm9zZXJ2aWNlX25hbWUiOiJ6ZXVzIiwicHJvY2Vzc19uYW1lIjoic2VydmVyIiwicmVnaW9uIjoiYXAtbm9ydGhlYXN0LTEiLCJzaWxvIjoiYXAtbm9ydGhlYXN0LTEtY2VsbC01LXNpbG8tMiJ9AAAGAAAAbGFiZWxzAAAAAAAAgv///wAAAgAMAAAAZ2NfcmVjbGFpbWVkAAASABgAFAAAABMADAAAAAgABAASAAAAFAAAAEQAAABMAAAAAAAACkwAAAABAAAADAAAAAgADAAIAAQACAAAAAgAAAAQAAAABAAAAHRpbWUAAAAABAAAAG5hbWUAAAAAAAAAAAAABgAIAAYABgAAAAAAAwAEAAAAdGltZQAAAAAAAAAA/////7gAAAAUAAAAAAAAAAwAFgAUABMADAAEAAwAAACgAAAAAAAAABQAAAAAAAADBAAKABgADAAIAAQACgAAABQAAABYAAAACgAAAAAAAAAAAAAABAAAAAAAAAAAAAAAAAAAAAAAAAAAAAAAAAAAAFAAAAAAAAAAUAAAAAAAAAAAAAAAAAAAAFAAAAAAAAAAUAAAAAAAAAAAAAAAAgAAAAoAAAAAAAAAAAAAAAAAAAAKAAAAAAAAAAAAAAAAAAAAAAr83tiRFhcAKiUaJ5IWFwBKTlV1khYXAKDcVMOSFhcAVDsHEpMWFwAiC9JikxYXAPJdMK+TFhcAEodr/ZMWFwCQgFlMlBYXADblNZyUFhdxNxfvmWtBQKbGr3NSkFRAedtBkWCZVEBNKGzVPlFRQKrEwRbJp0FAB1MOpTYsU0DLLZwR6SpXQH6kaxu0x1NALLq2qJ18UkAbxkwWG8BWQBAAAAAMABQAEgAMAAgABAAMAAAAEAAAACwAAAA4AAAAAAAEAAEAAADoAgAAAAAAAMAAAAAAAAAAoAAAAAAAAAAAAAAAAAAAAAAACgAMAAAACAAEAAoAAAAIAAAAdAAAAAMAAABMAAAAKAAAAAQAAAC8/f//CAAAAAwAAAAAAAAAAAAAAAUAAAByZWZJZAAAANz9//8IAAAADAAAAAAAAAAAAAAABAAAAG5hbWUAAAAA/P3//wgAAAAMAAAAAgAAAHt9AAAEAAAAbWV0YQAAAAACAAAAwAEAABgAAAAAABIAGAAUABMAEgAMAAAACAAEABIAAAAUAAAAbAEAAGwBAAAAAAMBbAEAAAIAAAA0AAAABAAAAGD+//8IAAAAGAAAAAwAAABnY19yZWNsYWltZWQAAAAABAAAAG5hbWUAAAAAjP7//wgAAAAQAQAABgEAAHsiYXZhaWxhYmlsaXR5X3pvbmUiOiJhcC1ub3J0aGVhc3QtMS0zIiwiY2VsbCI6ImFwLW5vcnRoZWFzdC0xLWNlbGwtNSIsImluc3RhbmNlX25hbWUiOiJpLUFVYTAwWnQyLXpldXMtMDAwNS5hbWF6b25hd3MuY29tIiwiamRrX3ZlcnNpb24iOiJKREtfMTEiLCJtaWNyb3NlcnZpY2VfbmFtZSI6InpldXMiLCJwcm9jZXNzX25hbWUiOiJzZXJ2ZXIiLCJyZWdpb24iOiJhcC1ub3J0aGVhc3QtMSIsInNpbG8iOiJhcC1ub3J0aGVhc3QtMS1jZWxsLTUtc2lsby0yIn0AAAYAAABsYWJlbHMAAAAAAACC////AAACAAwAAABnY19yZWNsYWltZWQAABIAGAAUAAAAEwAMAAAACAAEABIAAAAUAAAARAAAAEwAAAAAAAAKTAAAAAEAAAAMAAAACAAMAAgABAAIAAAACAAAABAAAAAEAAAAdGltZQAAAAAEAAAAbmFtZQAAAAAAAAAAAAAGAAgABgAGAAAAAAADAAQAAAB0aW1lAAAAAAADAABBUlJPVzE=
FRAME=QVJST1cxAAD/////sAIAABAAAAAAAAoADgAMAAsABAAKAAAAFAAAAAAAAAEEAAoADAAAAAgABAAKAAAACAAAAFAAAAACAAAAKAAAAAQAAADc/f//CAAAAAwAAAAAAAAAAAAAAAUAAAByZWZJZAAAAPz9//8IAAAADAAAAAAAAAAAAAAABAAAAG5hbWUAAAAAAgAAAMABAAAYAAAAAAASABgAFAATABIADAAAAAgABAASAAAAFAAAAGwBAABsAQAAAAADAWwBAAACAAAANAAAAAQAAABg/v//CAAAABgAAAAMAAAAZ2NfcmVjbGFpbWVkAAAAAAQAAABuYW1lAAAAAIz+//8IAAAAEAEAAAYBAAB7ImF2YWlsYWJpbGl0eV96b25lIjoiYXAtbm9ydGhlYXN0LTEtMyIsImNlbGwiOiJhcC1ub3J0aGVhc3QtMS1jZWxsLTUiLCJpbnN0YW5jZV9uYW1lIjoiaS1BVWEwMFp0Mi16ZXVzLTAwMTQuYW1hem9uYXdzLmNvbSIsImpka192ZXJzaW9uIjoiSkRLXzExIiwibWljcm9zZXJ2aWNlX25hbWUiOiJ6ZXVzIiwicHJvY2Vzc19uYW1lIjoic2VydmVyIiwicmVnaW9uIjoiYXAtbm9ydGhlYXN0LTEiLCJzaWxvIjoiYXAtbm9ydGhlYXN0LTEtY2VsbC01LXNpbG8tMiJ9AAAGAAAAbGFiZWxzAAAAAAAAgv///wAAAgAMAAAAZ2NfcmVjbGFpbWVkAAASABgAFAAAABMADAAAAAgABAASAAAAFAAAAEQAAABMAAAAAAAACkwAAAABAAAADAAAAAgADAAIAAQACAAAAAgAAAAQAAAABAAAAHRpbWUAAAAABAAAAG5hbWUAAAAAAAAAAAAABgAIAAYABgAAAAAAAwAEAAAAdGltZQAAAAD/////uAAAABQAAAAAAAAADAAWABQAEwAMAAQADAAAAKAAAAAAAAAAFAAAAAAAAAMEAAoAGAAMAAgABAAKAAAAFAAAAFgAAAAKAAAAAAAAAAAAAAAEAAAAAAAAAAAAAAAAAAAAAAAAAAAAAAAAAAAAUAAAAAAAAABQAAAAAAAAAAAAAAAAAAAAUAAAAAAAAABQAAAAAAAAAAAAAAACAAAACgAAAAAAAAAAAAAAAAAAAAoAAAAAAAAAAAAAAAAAAAAACvze2JEWFwAqJRonkhYXAEpOVXWSFhcAoNxUw5IWFwBUOwcSkxYXACIL0mKTFhcA8l0wr5MWFwASh2v9kxYXAJCAWUyUFhcANuU1nJQWF/srfJsNO1BA9bE0osc2SECOfiJqQ8lNQPlOXrVWIEdAZL4rs1acR0BN53hsmzw9QLFAnWv1lVNAwovDohbONEC75F88iERXQLtqxJYS3FFAEAAAAAwAFAASAAwACAAEAAwAAAAQAAAALAAAADwAAAAAAAQAAQAAAMACAAAAAAAAwAAAAAAAAACgAAAAAAAAAAAAAAAAAAAAAAAAAAAACgAMAAAACAAEAAoAAAAIAAAAUAAAAAIAAAAoAAAABAAAANz9//8IAAAADAAAAAAAAAAAAAAABQAAAHJlZklkAAAA/P3//wgAAAAMAAAAAAAAAAAAAAAEAAAAbmFtZQAAAAACAAAAwAEAABgAAAAAABIAGAAUABMAEgAMAAAACAAEABIAAAAUAAAAbAEAAGwBAAAAAAMBbAEAAAIAAAA0AAAABAAAAGD+//8IAAAAGAAAAAwAAABnY19yZWNsYWltZWQAAAAABAAAAG5hbWUAAAAAjP7//wgAAAAQAQAABgEAAHsiYXZhaWxhYmlsaXR5X3pvbmUiOiJhcC1ub3J0aGVhc3QtMS0zIiwiY2VsbCI6ImFwLW5vcnRoZWFzdC0xLWNlbGwtNSIsImluc3RhbmNlX25hbWUiOiJpLUFVYTAwWnQyLXpldXMtMDAxNC5hbWF6b25hd3MuY29tIiwiamRrX3ZlcnNpb24iOiJKREtfMTEiLCJtaWNyb3NlcnZpY2VfbmFtZSI6InpldXMiLCJwcm9jZXNzX25hbWUiOiJzZXJ2ZXIiLCJyZWdpb24iOiJhcC1ub3J0aGVhc3QtMSIsInNpbG8iOiJhcC1ub3J0aGVhc3QtMS1jZWxsLTUtc2lsby0yIn0AAAYAAABsYWJlbHMAAAAAAACC////AAACAAwAAABnY19yZWNsYWltZWQAABIAGAAUAAAAEwAMAAAACAAEABIAAAAUAAAARAAAAEwAAAAAAAAKTAAAAAEAAAAMAAAACAAMAAgABAAIAAAACAAAABAAAAAEAAAAdGltZQAAAAAEAAAAbmFtZQAAAAAAAAAAAAAGAAgABgAGAAAAAAADAAQAAAB0aW1lAAAAAOACAABBUlJPVzE=
FRAME=QVJST1cxAAD/////sAIAABAAAAAAAAoADgAMAAsABAAKAAAAFAAAAAAAAAEEAAoADAAAAAgABAAKAAAACAAAAFAAAAACAAAAKAAAAAQAAADc/f//CAAAAAwAAAAAAAAAAAAAAAUAAAByZWZJZAAAAPz9//8IAAAADAAAAAAAAAAAAAAABAAAAG5hbWUAAAAAAgAAAMABAAAYAAAAAAASABgAFAATABIADAAAAAgABAASAAAAFAAAAGwBAABsAQAAAAADAWwBAAACAAAANAAAAAQAAABg/v//CAAAABgAAAAMAAAAZ2NfcmVjbGFpbWVkAAAAAAQAAABuYW1lAAAAAIz+//8IAAAAEAEAAAYBAAB7ImF2YWlsYWJpbGl0eV96b25lIjoiYXAtbm9ydGhlYXN0LTEtMyIsImNlbGwiOiJhcC1ub3J0aGVhc3QtMS1jZWxsLTUiLCJpbnN0YW5jZV9uYW1lIjoiaS1BVWEwMFp0Mi16ZXVzLTAwMDIuYW1hem9uYXdzLmNvbSIsImpka192ZXJzaW9uIjoiSkRLXzExIiwibWljcm9zZXJ2aWNlX25hbWUiOiJ6ZXVzIiwicHJvY2Vzc19uYW1lIjoic2VydmVyIiwicmVnaW9uIjoiYXAtbm9ydGhlYXN0LTEiLCJzaWxvIjoiYXAtbm9ydGhlYXN0LTEtY2VsbC01LXNpbG8tMiJ9AAAGAAAAbGFiZWxzAAAAAAAAgv///wAAAgAMAAAAZ2NfcmVjbGFpbWVkAAASABgAFAAAABMADAAAAAgABAASAAAAFAAAAEQAAABMAAAAAAAACkwAAAABAAAADAAAAAgADAAIAAQACAAAAAgAAAAQAAAABAAAAHRpbWUAAAAABAAAAG5hbWUAAAAAAAAAAAAABgAIAAYABgAAAAAAAwAEAAAAdGltZQAAAAD/////uAAAABQAAAAAAAAADAAWABQAEwAMAAQADAAAAKAAAAAAAAAAFAAAAAAAAAMEAAoAGAAMAAgABAAKAAAAFAAAAFgAAAAKAAAAAAAAAAAAAAAEAAAAAAAAAAAAAAAAAAAAAAAAAAAAAAAAAAAAUAAAAAAAAABQAAAAAAAAAAAAAAAAAAAAUAAAAAAAAABQAAAAAAAAAAAAAAACAAAACgAAAAAAAAAAAAAAAAAAAAoAAAAAAAAAAAAAAAAAAAAACvze2JEWFwAqJRonkhYXAEpOVXWSFhcAoNxUw5IWFwBUOwcSkxYXACIL0mKTFhcA8l0wr5MWFwASh2v9kxYXAJCAWUyUFhcANuU1nJQWF/A4D7jTklVACf7VjtFJV0AeFSFlQzlWQPuYEumTflNA/9Cfxa+sPkBCXkZXDnMwQC5e1IBrpEhAQJsMGWORSEDkU4c3j6k7QMxl2Z9UGSJAEAAAAAwAFAASAAwACAAEAAwAAAAQAAAALAAAADwAAAAAAAQAAQAAAMACAAAAAAAAwAAAAAAAAACgAAAAAAAAAAAAAAAAAAAAAAAAAAAACgAMAAAACAAEAAoAAAAIAAAAUAAAAAIAAAAoAAAABAAAANz9//8IAAAADAAAAAAAAAAAAAAABQAAAHJlZklkAAAA/P3//wgAAAAMAAAAAAAAAAAAAAAEAAAAbmFtZQAAAAACAAAAwAEAABgAAAAAABIAGAAUABMAEgAMAAAACAAEABIAAAAUAAAAbAEAAGwBAAAAAAMBbAEAAAIAAAA0AAAABAAAAGD+//8IAAAAGAAAAAwAAABnY19yZWNsYWltZWQAAAAABAAAAG5hbWUAAAAAjP7//wgAAAAQAQAABgEAAHsiYXZhaWxhYmlsaXR5X3pvbmUiOiJhcC1ub3J0aGVhc3QtMS0zIiwiY2VsbCI6ImFwLW5vcnRoZWFzdC0xLWNlbGwtNSIsImluc3RhbmNlX25hbWUiOiJpLUFVYTAwWnQyLXpldXMtMDAwMi5hbWF6b25hd3MuY29tIiwiamRrX3ZlcnNpb24iOiJKREtfMTEiLCJtaWNyb3NlcnZpY2VfbmFtZSI6InpldXMiLCJwcm9jZXNzX25hbWUiOiJzZXJ2ZXIiLCJyZWdpb24iOiJhcC1ub3J0aGVhc3QtMSIsInNpbG8iOiJhcC1ub3J0aGVhc3QtMS1jZWxsLTUtc2lsby0yIn0AAAYAAABsYWJlbHMAAAAAAACC////AAACAAwAAABnY19yZWNsYWltZWQAABIAGAAUAAAAEwAMAAAACAAEABIAAAAUAAAARAAAAEwAAAAAAAAKTAAAAAEAAAAMAAAACAAMAAgABAAIAAAACAAAABAAAAAEAAAAdGltZQAAAAAEAAAAbmFtZQAAAAAAAAAAAAAGAAgABgAGAAAAAAADAAQAAAB0aW1lAAAAAOACAABBUlJPVzE=
FRAME=QVJST1cxAAD/////sAIAABAAAAAAAAoADgAMAAsABAAKAAAAFAAAAAAAAAEEAAoADAAAAAgABAAKAAAACAAAAFAAAAACAAAAKAAAAAQAAADc/f//CAAAAAwAAAAAAAAAAAAAAAUAAAByZWZJZAAAAPz9//8IAAAADAAAAAAAAAAAAAAABAAAAG5hbWUAAAAAAgAAAMABAAAYAAAAAAASABgAFAATABIADAAAAAgABAASAAAAFAAAAGwBAABsAQAAAAADAWwBAAACAAAANAAAAAQAAABg/v//CAAAABgAAAAMAAAAZ2NfcmVjbGFpbWVkAAAAAAQAAABuYW1lAAAAAIz+//8IAAAAEAEAAAYBAAB7ImF2YWlsYWJpbGl0eV96b25lIjoiYXAtbm9ydGhlYXN0LTEtMyIsImNlbGwiOiJhcC1ub3J0aGVhc3QtMS1jZWxsLTUiLCJpbnN0YW5jZV9uYW1lIjoiaS1BVWEwMFp0Mi16ZXVzLTAwMDguYW1hem9uYXdzLmNvbSIsImpka192ZXJzaW9uIjoiSkRLXzExIiwibWljcm9zZXJ2aWNlX25hbWUiOiJ6ZXVzIiwicHJvY2Vzc19uYW1lIjoic2VydmVyIiwicmVnaW9uIjoiYXAtbm9ydGhlYXN0LTEiLCJzaWxvIjoiYXAtbm9ydGhlYXN0LTEtY2VsbC01LXNpbG8tMiJ9AAAGAAAAbGFiZWxzAAAAAAAAgv///wAAAgAMAAAAZ2NfcmVjbGFpbWVkAAASABgAFAAAABMADAAAAAgABAASAAAAFAAAAEQAAABMAAAAAAAACkwAAAABAAAADAAAAAgADAAIAAQACAAAAAgAAAAQAAAABAAAAHRpbWUAAAAABAAAAG5hbWUAAAAAAAAAAAAABgAIAAYABgAAAAAAAwAEAAAAdGltZQAAAAD/////uAAAABQAAAAAAAAADAAWABQAEwAMAAQADAAAAKAAAAAAAAAAFAAAAAAAAAMEAAoAGAAMAAgABAAKAAAAFAAAAFgAAAAKAAAAAAAAAAAAAAAEAAAAAAAAAAAAAAAAAAAAAAAAAAAAAAAAAAAAUAAAAAAAAABQAAAAAAAAAAAAAAAAAAAAUAAAAAAAAABQAAAAAAAAAAAAAAACAAAACgAAAAAAAAAAAAAAAAAAAAoAAAAAAAAAAAAAAAAAAAAACvze2JEWFwAqJRonkhYXAEpOVXWSFhcAoNxUw5IWFwBUOwcSkxYXACIL0mKTFhcA8l0wr5MWFwASh2v9kxYXAJCAWUyUFhcANuU1nJQWF83rj0aqclFAyAzEBlOFTkBI3wG9RPozQBXfVhty50FARfchNU11NUBntdWybxBAQMoNfss8vkdAb4vmxrA3VED2xqkoyRpDQBxN7PZEXFZAEAAAAAwAFAASAAwACAAEAAwAAAAQAAAALAAAADwAAAAAAAQAAQAAAMACAAAAAAAAwAAAAAAAAACgAAAAAAAAAAAAAAAAAAAAAAAAAAAACgAMAAAACAAEAAoAAAAIAAAAUAAAAAIAAAAoAAAABAAAANz9//8IAAAADAAAAAAAAAAAAAAABQAAAHJlZklkAAAA/P3//wgAAAAMAAAAAAAAAAAAAAAEAAAAbmFtZQAAAAACAAAAwAEAABgAAAAAABIAGAAUABMAEgAMAAAACAAEABIAAAAUAAAAbAEAAGwBAAAAAAMBbAEAAAIAAAA0AAAABAAAAGD+//8IAAAAGAAAAAwAAABnY19yZWNsYWltZWQAAAAABAAAAG5hbWUAAAAAjP7//wgAAAAQAQAABgEAAHsiYXZhaWxhYmlsaXR5X3pvbmUiOiJhcC1ub3J0aGVhc3QtMS0zIiwiY2VsbCI6ImFwLW5vcnRoZWFzdC0xLWNlbGwtNSIsImluc3RhbmNlX25hbWUiOiJpLUFVYTAwWnQyLXpldXMtMDAwOC5hbWF6b25hd3MuY29tIiwiamRrX3ZlcnNpb24iOiJKREtfMTEiLCJtaWNyb3NlcnZpY2VfbmFtZSI6InpldXMiLCJwcm9jZXNzX25hbWUiOiJzZXJ2ZXIiLCJyZWdpb24iOiJhcC1ub3J0aGVhc3QtMSIsInNpbG8iOiJhcC1ub3J0aGVhc3QtMS1jZWxsLTUtc2lsby0yIn0AAAYAAABsYWJlbHMAAAAAAACC////AAACAAwAAABnY19yZWNsYWltZWQAABIAGAAUAAAAEwAMAAAACAAEABIAAAAUAAAARAAAAEwAAAAAAAAKTAAAAAEAAAAMAAAACAAMAAgABAAIAAAACAAAABAAAAAEAAAAdGltZQAAAAAEAAAAbmFtZQAAAAAAAAAAAAAGAAgABgAGAAAAAAADAAQAAAB0aW1lAAAAAOACAABBUlJPVzE=
FRAME=QVJST1cxAAD/////sAIAABAAAAAAAAoADgAMAAsABAAKAAAAFAAAAAAAAAEEAAoADAAAAAgABAAKAAAACAAAAFAAAAACAAAAKAAAAAQAAADc/f//CAAAAAwAAAAAAAAAAAAAAAUAAAByZWZJZAAAAPz9//8IAAAADAAAAAAAAAAAAAAABAAAAG5hbWUAAAAAAgAAAMABAAAYAAAAAAASABgAFAATABIADAAAAAgABAASAAAAFAAAAGwBAABsAQAAAAADAWwBAAACAAAANAAAAAQAAABg/v//CAAAABgAAAAMAAAAZ2NfcmVjbGFpbWVkAAAAAAQAAABuYW1lAAAAAIz+//8IAAAAEAEAAAYBAAB7ImF2YWlsYWJpbGl0eV96b25lIjoiYXAtbm9ydGhlYXN0LTEtMyIsImNlbGwiOiJhcC1ub3J0aGVhc3QtMS1jZWxsLTUiLCJpbnN0YW5jZV9uYW1lIjoiaS1BVWEwMFp0Mi16ZXVzLTAwMTEuYW1hem9uYXdzLmNvbSIsImpka192ZXJzaW9uIjoiSkRLXzExIiwibWljcm9zZXJ2aWNlX25hbWUiOiJ6ZXVzIiwicHJvY2Vzc19uYW1lIjoic2VydmVyIiwicmVnaW9uIjoiYXAtbm9ydGhlYXN0LTEiLCJzaWxvIjoiYXAtbm9ydGhlYXN0LTEtY2VsbC01LXNpbG8tMiJ9AAAGAAAAbGFiZWxzAAAAAAAAgv///wAAAgAMAAAAZ2NfcmVjbGFpbWVkAAASABgAFAAAABMADAAAAAgABAASAAAAFAAAAEQAAABMAAAAAAAACkwAAAABAAAADAAAAAgADAAIAAQACAAAAAgAAAAQAAAABAAAAHRpbWUAAAAABAAAAG5hbWUAAAAAAAAAAAAABgAIAAYABgAAAAAAAwAEAAAAdGltZQAAAAD/////uAAAABQAAAAAAAAADAAWABQAEwAMAAQADAAAAKAAAAAAAAAAFAAAAAAAAAMEAAoAGAAMAAgABAAKAAAAFAAAAFgAAAAKAAAAAAAAAAAAAAAEAAAAAAAAAAAAAAAAAAAAAAAAAAAAAAAAAAAAUAAAAAAAAABQAAAAAAAAAAAAAAAAAAAAUAAAAAAAAABQAAAAAAAAAAAAAAACAAAACgAAAAAAAAAAAAAAAAAAAAoAAAAAAAAAAAAAAAAAAAAACvze2JEWFwAqJRonkhYXAEpOVXWSFhcAoNxUw5IWFwBUOwcSkxYXACIL0mKTFhcA8l0wr5MWFwASh2v9kxYXAJCAWUyUFhcANuU1nJQWFw1yW0L13S1ALcC4QA52S0C8eLzOuC5TQEHEu0bWCDFA66Cx//atUEA5uqTwBkBXQMOP/tiI0D9AUTfeyyTVDkANypMZVIhPQA5asVCKVEpAEAAAAAwAFAASAAwACAAEAAwAAAAQAAAALAAAADwAAAAAAAQAAQAAAMACAAAAAAAAwAAAAAAAAACgAAAAAAAAAAAAAAAAAAAAAAAAAAAACgAMAAAACAAEAAoAAAAIAAAAUAAAAAIAAAAoAAAABAAAANz9//8IAAAADAAAAAAAAAAAAAAABQAAAHJlZklkAAAA/P3//wgAAAAMAAAAAAAAAAAAAAAEAAAAbmFtZQAAAAACAAAAwAEAABgAAAAAABIAGAAUABMAEgAMAAAACAAEABIAAAAUAAAAbAEAAGwBAAAAAAMBbAEAAAIAAAA0AAAABAAAAGD+//8IAAAAGAAAAAwAAABnY19yZWNsYWltZWQAAAAABAAAAG5hbWUAAAAAjP7//wgAAAAQAQAABgEAAHsiYXZhaWxhYmlsaXR5X3pvbmUiOiJhcC1ub3J0aGVhc3QtMS0zIiwiY2VsbCI6ImFwLW5vcnRoZWFzdC0xLWNlbGwtNSIsImluc3RhbmNlX25hbWUiOiJpLUFVYTAwWnQyLXpldXMtMDAxMS5hbWF6b25hd3MuY29tIiwiamRrX3ZlcnNpb24iOiJKREtfMTEiLCJtaWNyb3NlcnZpY2VfbmFtZSI6InpldXMiLCJwcm9jZXNzX25hbWUiOiJzZXJ2ZXIiLCJyZWdpb24iOiJhcC1ub3J0aGVhc3QtMSIsInNpbG8iOiJhcC1ub3J0aGVhc3QtMS1jZWxsLTUtc2lsby0yIn0AAAYAAABsYWJlbHMAAAAAAACC////AAACAAwAAABnY19yZWNsYWltZWQAABIAGAAUAAAAEwAMAAAACAAEABIAAAAUAAAARAAAAEwAAAAAAAAKTAAAAAEAAAAMAAAACAAMAAgABAAIAAAACAAAABAAAAAEAAAAdGltZQAAAAAEAAAAbmFtZQAAAAAAAAAAAAAGAAgABgAGAAAAAAADAAQAAAB0aW1lAAAAAOACAABBUlJPVzE=
