ðŸŒŸ This was machine generated.  Do not edit. ðŸŒŸ

Frame[0] {}
Name: 
Dimensions: 2 Fields by 0 Rows
+-------------------+-------------------------+
| Name: time        | Name: interpolatedValue |
| Labels:           | Labels:                 |
| Type: []time.Time | Type: []*float64        |
+-------------------+-------------------------+
+-------------------+-------------------------+


====== TEST DATA RESPONSE (arrow base64) ======
FRAME=QVJST1cxAAD/////2AEAABAAAAAAAAoADgAMAAsABAAKAAAAFAAAAAAAAAEEAAoADAAAAAgABAAKAAAACAAAAHQAAAADAAAATAAAACgAAAAEAAAAuP7//wgAAAAMAAAAAAAAAAAAAAAFAAAAcmVmSWQAAADY/v//CAAAAAwAAAAAAAAAAAAAAAQAAABuYW1lAAAAAPj+//8IAAAADAAAAAIAAAB7fQAABAAAAG1ldGEAAAAAAgAAAMQAAAAYAAAAAAASABgAFAATABIADAAAAAgABAASAAAAFAAAAGwAAABsAAAAAAADAWwAAAACAAAAOAAAAAQAAABc////CAAAABwAAAARAAAAaW50ZXJwb2xhdGVkVmFsdWUAAAAEAAAAbmFtZQAAAACM////CAAAAAwAAAACAAAAe30AAAYAAABsYWJlbHMAAAAAAAB+////AAACABEAAABpbnRlcnBvbGF0ZWRWYWx1ZQASABgAFAAAABMADAAAAAgABAASAAAAFAAAAEQAAABMAAAAAAAACkwAAAABAAAADAAAAAgADAAIAAQACAAAAAgAAAAQAAAABAAAAHRpbWUAAAAABAAAAG5hbWUAAAAAAAAAAAAABgAIAAYABgAAAAAAAwAEAAAAdGltZQAAAAAQAAAADAAUABIADAAIAAQADAAAABAAAAAUAAAAJAAAAAAABAAAAAAAAAAAAAAAAAAAAAAAAAAKAAwAAAAIAAQACgAAAAgAAAB0AAAAAwAAAEwAAAAoAAAABAAAALj+//8IAAAADAAAAAAAAAAAAAAABQAAAHJlZklkAAAA2P7//wgAAAAMAAAAAAAAAAAAAAAEAAAAbmFtZQAAAAD4/v//CAAAAAwAAAACAAAAe30AAAQAAABtZXRhAAAAAAIAAADEAAAAGAAAAAAAEgAYABQAEwASAAwAAAAIAAQAEgAAABQAAABsAAAAbAAAAAAAAwFsAAAAAgAAADgAAAAEAAAAXP///wgAAAAcAAAAEQAAAGludGVycG9sYXRlZFZhbHVlAAAABAAAAG5hbWUAAAAAjP///wgAAAAMAAAAAgAAAHt9AAAGAAAAbGFiZWxzAAAAAAAAfv///wAAAgARAAAAaW50ZXJwb2xhdGVkVmFsdWUAEgAYABQAAAATAAwAAAAIAAQAEgAAABQAAABEAAAATAAAAAAAAApMAAAAAQAAAAwAAAAIAAwACAAEAAgAAAAIAAAAEAAAAAQAAAB0aW1lAAAAAAQAAABuYW1lAAAAAAAAAAAAAAYACAAGAAYAAAAAAAMABAAAAHRpbWUAAAAA8AEAAEFSUk9XMQ==
